Initialized native services in: /opt/gradle/.gradle/native
Initialized jansi services in: /opt/gradle/.gradle/native
The client will now receive all logging from the daemon (pid: 64). The daemon log file: /opt/gradle/.gradle/daemon/9.3.1/daemon-64.out.log
Starting 40th build in daemon [uptime: 1 hrs 14 mins 51.442 secs, performance: 98%, GC rate: 0.00/s, heap usage: 0% of 4 GiB]
Using 4 worker leases.
Operational build model parameters: {requiresToolingModels=false, parallelProjectExecution=true, configureOnDemand=false, configurationCache=true, configurationCacheParallelStore=false, configurationCacheParallelLoad=true, isolatedProjects=false, parallelProjectConfiguration=false, intermediateModelCache=false, parallelToolingApiActions=true, invalidateCoupledProjects=false, modelAsProjectDependency=false, resilientModelBuilding=false}
Encryption key source: default Gradle keystore (pkcs12)
Reusing configuration cache.
Watching the file system is configured to be enabled if available
Unable to list file systems to check whether they can be watched. Disabling watching. Reason: Could not query file systems: could not open mount file (errno 2: No such file or directory)
File system watching is inactive
Using local directory build cache for the root build (location = /opt/gradle/.gradle/caches/build-cache-1, remove unused entries = after 7 days).
Tasks to be executed: [task ':app:preBuild', task ':app:preDebugBuild', task ':app:generateDebugBuildConfig', task ':app:generateDebugResources', task ':app:packageDebugResources', task ':app:processDebugNavigationResources', task ':app:parseDebugLocalResources', task ':app:generateDebugRFile', task ':app:kspDebugKotlin', task ':app:compileDebugKotlin', task ':app:javaPreCompileDebug', task ':app:compileDebugJavaWithJavac', task ':app:checkDebugAarMetadata', task ':app:mapDebugSourceSetPaths', task ':app:compileDebugNavigationResources', task ':app:mergeDebugResources', task ':app:createDebugCompatibleScreenManifests', task ':app:extractDeepLinksDebug', task ':app:processDebugMainManifest', task ':app:processDebugManifest', task ':app:processDebugManifestForPackage', task ':app:processDebugResources', task ':app:bundleDebugClassesToRuntimeJar', task ':app:bundleDebugClassesToCompileJar', task ':app:kspDebugUnitTestKotlin', task ':app:preDebugUnitTestBuild', task ':app:compileDebugUnitTestKotlin', task ':app:javaPreCompileDebugUnitTest', task ':app:compileDebugUnitTestJavaWithJavac', task ':app:generateDebugAssets', task ':app:mergeDebugAssets', task ':app:packageDebugUnitTestForUnitTest', task ':app:processDebugUnitTestManifest', task ':app:generateDebugUnitTestConfig', task ':app:processDebugJavaRes', task ':app:processDebugUnitTestJavaRes', task ':app:testDebugUnitTest', task ':app:finalizeTestRoborazziDebug']
Tasks that were excluded: []
Resolve mutations for :app:preBuild (Thread[#1241,Execution worker,5,main]) started.
Resolve mutations for :app:generateDebugAssets (Thread[#1242,Execution worker Thread 2,5,main]) started.
:app:preBuild (Thread[#1241,Execution worker,5,main]) started.
:app:generateDebugAssets (Thread[#1242,Execution worker Thread 2,5,main]) started.

> Task :app:generateDebugAssets UP-TO-DATE
Skipping task ':app:generateDebugAssets' as it has no actions.

> Task :app:preBuild UP-TO-DATE
Skipping task ':app:preBuild' as it has no actions.
Resolve mutations for :app:preDebugBuild (Thread[#1242,Execution worker Thread 2,5,main]) started.
Resolve mutations for :app:preDebugUnitTestBuild (Thread[#1241,Execution worker,5,main]) started.
:app:preDebugUnitTestBuild (Thread[#1241,Execution worker,5,main]) started.
Build e6f6c28a-2c6a-4b79-82d4-3c09a186ed6c is started
:app:preDebugBuild (Thread[#1242,Execution worker Thread 2,5,main]) started.

> Task :app:preDebugUnitTestBuild UP-TO-DATE
Skipping task ':app:preDebugUnitTestBuild' as it has no actions.

> Task :app:preDebugBuild UP-TO-DATE
Skipping task ':app:preDebugBuild' as it has no actions.
Resolve mutations for :app:javaPreCompileDebugUnitTest (Thread[#1241,Execution worker,5,main]) started.
Resolve mutations for :app:generateDebugBuildConfig (Thread[#1242,Execution worker Thread 2,5,main]) started.
Resolve mutations for :app:generateDebugResources (Thread[#1241,Execution worker,5,main]) started.
Resolve mutations for :app:processDebugNavigationResources (Thread[#1240,included builds,5,main]) started.
Resolve mutations for :app:javaPreCompileDebug (Thread[#1243,Execution worker Thread 3,5,main]) started.
:app:javaPreCompileDebug (Thread[#1243,Execution worker Thread 3,5,main]) started.
:app:generateDebugBuildConfig (Thread[#1242,Execution worker Thread 2,5,main]) started.
:app:generateDebugResources (Thread[#1241,Execution worker,5,main]) started.
:app:processDebugNavigationResources (Thread[#1240,included builds,5,main]) started.

> Task :app:generateDebugResources UP-TO-DATE
Build cache key for task ':app:generateDebugResources' is e6b7b15c7fd9a2a0804948c7c393f8d8
Skipping task ':app:generateDebugResources' as it is up-to-date.
Resolve mutations for :app:packageDebugResources (Thread[#1241,Execution worker,5,main]) started.
:app:packageDebugResources (Thread[#1241,Execution worker,5,main]) started.

> Task :app:javaPreCompileDebug UP-TO-DATE
Build cache key for task ':app:javaPreCompileDebug' is 99ea612b8a58df1c5192903443428502
Skipping task ':app:javaPreCompileDebug' as it is up-to-date.
Resolve mutations for :app:checkDebugAarMetadata (Thread[#1243,Execution worker Thread 3,5,main]) started.
:app:checkDebugAarMetadata (Thread[#1243,Execution worker Thread 3,5,main]) started.

> Task :app:generateDebugBuildConfig FROM-CACHE
Build cache key for task ':app:generateDebugBuildConfig' is 2ab6e1616e4065da1d7249787ebc7f27
Task ':app:generateDebugBuildConfig' is not up-to-date because:
  Value of input property 'items' has changed for task ':app:generateDebugBuildConfig'
Loaded cache entry for task ':app:generateDebugBuildConfig' with cache key 2ab6e1616e4065da1d7249787ebc7f27
Resolve mutations for :app:kspDebugKotlin (Thread[#1242,Execution worker Thread 2,5,main]) started.
:app:kspDebugKotlin (Thread[#1242,Execution worker Thread 2,5,main]) started.

> Task :app:packageDebugResources UP-TO-DATE
Build cache key for task ':app:packageDebugResources' is c1176902e97ca89725e09749b000775a
Skipping task ':app:packageDebugResources' as it is up-to-date.
Resolve mutations for :app:mapDebugSourceSetPaths (Thread[#1241,Execution worker,5,main]) started.
:app:mapDebugSourceSetPaths (Thread[#1241,Execution worker,5,main]) started.

> Task :app:mapDebugSourceSetPaths UP-TO-DATE
Caching disabled for task ':app:mapDebugSourceSetPaths' because:
  Caching has been disabled for the task
Skipping task ':app:mapDebugSourceSetPaths' as it is up-to-date.
Resolve mutations for :app:mergeDebugResources (Thread[#1241,Execution worker,5,main]) started.
:app:mergeDebugResources (Thread[#1241,Execution worker,5,main]) started.

> Task :app:checkDebugAarMetadata UP-TO-DATE
Caching disabled for task ':app:checkDebugAarMetadata' because:
  Caching has been disabled for the task
Skipping task ':app:checkDebugAarMetadata' as it is up-to-date.

> Task :app:mergeDebugResources UP-TO-DATE
Build cache key for task ':app:mergeDebugResources' is 814a7ae99294459327eec6d3783410cf
Skipping task ':app:mergeDebugResources' as it is up-to-date.
Resolve mutations for :app:createDebugCompatibleScreenManifests (Thread[#1243,Execution worker Thread 3,5,main]) started.
Resolve mutations for :app:extractDeepLinksDebug (Thread[#1241,Execution worker,5,main]) started.
:app:createDebugCompatibleScreenManifests (Thread[#1243,Execution worker Thread 3,5,main]) started.
:app:extractDeepLinksDebug (Thread[#1241,Execution worker,5,main]) started.

> Task :app:createDebugCompatibleScreenManifests UP-TO-DATE
Caching disabled for task ':app:createDebugCompatibleScreenManifests' because:
  Caching has been disabled for the task
Skipping task ':app:createDebugCompatibleScreenManifests' as it is up-to-date.
:app:javaPreCompileDebugUnitTest (Thread[#1243,Execution worker Thread 3,5,main]) started.

> Task :app:extractDeepLinksDebug FROM-CACHE
Build cache key for task ':app:extractDeepLinksDebug' is 21c808756258ec6b19fac32c33b1fa95
Task ':app:extractDeepLinksDebug' is not up-to-date because:
  Value of input property 'manifestPlaceholders' has changed for task ':app:extractDeepLinksDebug'
Loaded cache entry for task ':app:extractDeepLinksDebug' with cache key 21c808756258ec6b19fac32c33b1fa95
Resolve mutations for :app:processDebugMainManifest (Thread[#1241,Execution worker,5,main]) started.
:app:processDebugMainManifest (Thread[#1241,Execution worker,5,main]) started.

> Task :app:javaPreCompileDebugUnitTest FROM-CACHE
Build cache key for task ':app:javaPreCompileDebugUnitTest' is 7bb20d440bd378ac1306de806aebdbb8
Task ':app:javaPreCompileDebugUnitTest' is not up-to-date because:
  Output property 'annotationProcessorListFile' file /app/applet/app/build/intermediates/annotation_processor_list/debugUnitTest/javaPreCompileDebugUnitTest/annotationProcessors.json has been removed.
Loaded cache entry for task ':app:javaPreCompileDebugUnitTest' with cache key 7bb20d440bd378ac1306de806aebdbb8
Resolve mutations for :app:mergeDebugAssets (Thread[#1243,Execution worker Thread 3,5,main]) started.
:app:mergeDebugAssets (Thread[#1243,Execution worker Thread 3,5,main]) started.

> Task :app:mergeDebugAssets UP-TO-DATE
Caching disabled for task ':app:mergeDebugAssets' because:
  Simple merging task
Skipping task ':app:mergeDebugAssets' as it is up-to-date.
work action resolve navigation.json (project :app) (Thread[#1243,Execution worker Thread 3,5,main]) started.

> Task :app:processDebugMainManifest FROM-CACHE
Build cache key for task ':app:processDebugMainManifest' is 6354b6a90230e822e3bb7b925a16d6b2
Task ':app:processDebugMainManifest' is not up-to-date because:
  Value of input property 'manifestPlaceholders' has changed for task ':app:processDebugMainManifest'
Loaded cache entry for task ':app:processDebugMainManifest' with cache key 6354b6a90230e822e3bb7b925a16d6b2
Resolve mutations for :app:processDebugManifest (Thread[#1241,Execution worker,5,main]) started.
Resolve mutations for :app:processDebugUnitTestManifest (Thread[#1243,Execution worker Thread 3,5,main]) started.
:app:processDebugManifest (Thread[#1241,Execution worker,5,main]) started.
:app:processDebugUnitTestManifest (Thread[#1243,Execution worker Thread 3,5,main]) started.

> Task :app:processDebugManifest UP-TO-DATE
Build cache key for task ':app:processDebugManifest' is 6bbc28c80eed3433fcb723b46c6f5031
Skipping task ':app:processDebugManifest' as it is up-to-date.
Resolve mutations for :app:processDebugManifestForPackage (Thread[#1241,Execution worker,5,main]) started.
:app:processDebugManifestForPackage (Thread[#1241,Execution worker,5,main]) started.

> Task :app:processDebugManifestForPackage UP-TO-DATE
Build cache key for task ':app:processDebugManifestForPackage' is 0e8e095f51e3fdbd833367e518435172
Skipping task ':app:processDebugManifestForPackage' as it is up-to-date.

> Task :app:processDebugNavigationResources FROM-CACHE
Build cache key for task ':app:processDebugNavigationResources' is b26324a8043ae30dabd2017eec0ce0bf
Task ':app:processDebugNavigationResources' is not up-to-date because:
  Value of input property 'manifestPlaceholders' has changed for task ':app:processDebugNavigationResources'
Loaded cache entry for task ':app:processDebugNavigationResources' with cache key b26324a8043ae30dabd2017eec0ce0bf
Resolve mutations for :app:parseDebugLocalResources (Thread[#1240,included builds,5,main]) started.
:app:parseDebugLocalResources (Thread[#1240,included builds,5,main]) started.

> Task :app:parseDebugLocalResources UP-TO-DATE
Build cache key for task ':app:parseDebugLocalResources' is 484450bd87ec6fdd8515cffaa73271b1
Skipping task ':app:parseDebugLocalResources' as it is up-to-date.
Resolve mutations for :app:generateDebugRFile (Thread[#1240,included builds,5,main]) started.
:app:generateDebugRFile (Thread[#1240,included builds,5,main]) started.

> Task :app:generateDebugRFile UP-TO-DATE
Build cache key for task ':app:generateDebugRFile' is e087a8bf8abbdddc1794f27f8bf55dc2
Skipping task ':app:generateDebugRFile' as it is up-to-date.
Resolve mutations for :app:compileDebugNavigationResources (Thread[#1240,included builds,5,main]) started.
:app:compileDebugNavigationResources (Thread[#1240,included builds,5,main]) started.

> Task :app:compileDebugNavigationResources UP-TO-DATE
Build cache key for task ':app:compileDebugNavigationResources' is 50679ab232d6bcfdc4cfc3c11e05e91a
Skipping task ':app:compileDebugNavigationResources' as it is up-to-date.
Resolve mutations for :app:processDebugResources (Thread[#1240,included builds,5,main]) started.
:app:processDebugResources (Thread[#1240,included builds,5,main]) started.

> Task :app:processDebugResources UP-TO-DATE
Build cache key for task ':app:processDebugResources' is 8fea3ee03695a4da29f9d76c1c560174
Skipping task ':app:processDebugResources' as it is up-to-date.
Resolve mutations for :app:packageDebugUnitTestForUnitTest (Thread[#1240,included builds,5,main]) started.
:app:packageDebugUnitTestForUnitTest (Thread[#1240,included builds,5,main]) started.

> Task :app:packageDebugUnitTestForUnitTest
Caching disabled for task ':app:packageDebugUnitTestForUnitTest' because:
  Simple merging task
Task ':app:packageDebugUnitTestForUnitTest' is not up-to-date because:
  Output property 'apkForHostTest' file /app/applet/app/build/intermediates/apk_for_local_test/debugUnitTest/packageDebugUnitTestForUnitTest/apk-for-local-test.ap_ has been removed.

> Task :app:processDebugUnitTestManifest
Caching disabled for task ':app:processDebugUnitTestManifest' because:
  Caching has been disabled for the task
Task ':app:processDebugUnitTestManifest' is not up-to-date because:
  Output property 'mergeBlameFile' file /app/applet/app/build/intermediates/manifest_merge_blame_file/debugUnitTest/processDebugUnitTestManifest/manifest-merger-blame-debug-test-report.txt has been removed.
  Output property 'packagedManifestOutputDirectory' file /app/applet/app/build/intermediates/packaged_manifests/debugUnitTest/processDebugUnitTestManifest has been removed.
  Output property 'packagedManifestOutputDirectory' file /app/applet/app/build/intermediates/packaged_manifests/debugUnitTest/processDebugUnitTestManifest/AndroidManifest.xml has been removed.
  and more...
Generating in /app/applet/app/build/intermediates/tmp/manifest/test/debug/tempFile1ProcessTestManifest6654831826581696453.xml
Loading library manifest /app/applet/app/build/intermediates/tmp/manifest/test/debug/tempFile1ProcessTestManifest6654831826581696453.xml
Merging main manifest /app/applet/app/src/main/AndroidManifest.xml

Merging library manifest /app/applet/app/build/intermediates/tmp/manifest/test/debug/tempFile1ProcessTestManifest6654831826581696453.xml
Merging manifest with lower tempFile1ProcessTestManifest6654831826581696453.xml:2:1-7:12
uses-sdk defined in both files...
Merging uses-sdk with lower tempFile1ProcessTestManifest6654831826581696453.xml:5:5-74
1<?xml version="1.0" encoding="utf-8"?>
2<manifest xmlns:android="http://schemas.android.com/apk/res/android"
3    xmlns:tools="http://schemas.android.com/tools"
4    package="com.aistudio.rickysalestracker.rkysls" >
5
6    <uses-sdk
6-->INJECTED
7        android:minSdkVersion="24"
7-->INJECTED
8        android:targetSdkVersion="36" />
8-->INJECTED
9
10    <uses-permission android:name="android.permission.CAMERA" />
10-->/app/applet/app/src/main/AndroidManifest.xml:5:5-65
10-->/app/applet/app/src/main/AndroidManifest.xml:5:22-62
11
12    <uses-feature
12-->/app/applet/app/src/main/AndroidManifest.xml:6:5-85
13        android:name="android.hardware.camera"
13-->/app/applet/app/src/main/AndroidManifest.xml:6:19-57
14        android:required="false" />
14-->/app/applet/app/src/main/AndroidManifest.xml:6:58-82
15
16    <uses-permission android:name="android.permission.INTERNET" />
16-->/app/applet/app/src/main/AndroidManifest.xml:7:5-67
16-->/app/applet/app/src/main/AndroidManifest.xml:7:22-64
17
18    <application
18-->/app/applet/app/src/main/AndroidManifest.xml:9:5-30:19
19        android:name="com.example.MyApplication"
19-->/app/applet/app/src/main/AndroidManifest.xml:10:9-38
20        android:allowBackup="true"
20-->/app/applet/app/src/main/AndroidManifest.xml:11:9-35
21        android:dataExtractionRules="@xml/data_extraction_rules"
21-->/app/applet/app/src/main/AndroidManifest.xml:12:9-65
22        android:fullBackupContent="@xml/backup_rules"
22-->/app/applet/app/src/main/AndroidManifest.xml:13:9-54
23        android:icon="@mipmap/ic_launcher"
23-->/app/applet/app/src/main/AndroidManifest.xml:14:9-43
24        android:label="@string/app_name"
24-->/app/applet/app/src/main/AndroidManifest.xml:15:9-41
25        android:roundIcon="@mipmap/ic_launcher_round"
25-->/app/applet/app/src/main/AndroidManifest.xml:16:9-54
26        android:supportsRtl="true"
26-->/app/applet/app/src/main/AndroidManifest.xml:17:9-35
27        android:theme="@style/Theme.MyApplication" >
27-->/app/applet/app/src/main/AndroidManifest.xml:18:9-51
28        <activity
28-->/app/applet/app/src/main/AndroidManifest.xml:19:9-29:20
29            android:name="com.example.MainActivity"
29-->/app/applet/app/src/main/AndroidManifest.xml:20:13-41
30            android:exported="true"
30-->/app/applet/app/src/main/AndroidManifest.xml:21:13-36
31            android:label="@string/app_name"
31-->/app/applet/app/src/main/AndroidManifest.xml:22:13-45
32            android:theme="@style/Theme.MyApplication" >
32-->/app/applet/app/src/main/AndroidManifest.xml:23:13-55
33            <intent-filter>
33-->/app/applet/app/src/main/AndroidManifest.xml:24:13-28:29
34                <action android:name="android.intent.action.MAIN" />
34-->/app/applet/app/src/main/AndroidManifest.xml:25:17-69
34-->/app/applet/app/src/main/AndroidManifest.xml:25:25-66
35
36                <category android:name="android.intent.category.LAUNCHER" />
36-->/app/applet/app/src/main/AndroidManifest.xml:27:17-77
36-->/app/applet/app/src/main/AndroidManifest.xml:27:27-74
37            </intent-filter>
38        </activity>
39    </application>
40
41</manifest>

Merged manifest saved to /app/applet/app/build/intermediates/tmp/manifest/test/debug/tempFile2ProcessTestManifest17775990009762640424.xml
Loading library manifest /opt/gradle/.gradle/caches/9.3.1/transforms/545a6ce92af32e953d073dd722cd2ae0/transformed/navigation-common-2.8.9/AndroidManifest.xml
Loading library manifest /opt/gradle/.gradle/caches/9.3.1/transforms/38d11fabdc951f4cb829172a693b1c4d/transformed/navigation-runtime-2.8.9/AndroidManifest.xml
Loading library manifest /opt/gradle/.gradle/caches/9.3.1/transforms/be2ed87049646306225fc0c02ee218ee/transformed/navigation-common-ktx-2.8.9/AndroidManifest.xml
Loading library manifest /opt/gradle/.gradle/caches/9.3.1/transforms/963638365ad6d977a3f991830a23b3c6/transformed/navigation-runtime-ktx-2.8.9/AndroidManifest.xml
Loading library manifest /opt/gradle/.gradle/caches/9.3.1/transforms/8b2adb995f67200dd4f595942bdbc65e/transformed/navigation-compose-2.8.9/AndroidManifest.xml
Loading library manifest /opt/gradle/.gradle/caches/9.3.1/transforms/c56d713c5eaf4c3988174eb46531eacf/transformed/camera-video-1.5.0/AndroidManifest.xml
Loading library manifest /opt/gradle/.gradle/caches/9.3.1/transforms/f2d8ad9b6a9bb49809868ef67dc356e8/transformed/camera-core-1.5.0/AndroidManifest.xml
Loading library manifest /opt/gradle/.gradle/caches/9.3.1/transforms/94a30dcbd3d7e0e21ddbe32d3ac09d63/transformed/camera-lifecycle-1.5.0/AndroidManifest.xml
Loading library manifest /opt/gradle/.gradle/caches/9.3.1/transforms/610e4a8919ba788e8fea8d57da8dea78/transformed/camera-camera2-1.5.0/AndroidManifest.xml
Loading library manifest /opt/gradle/.gradle/caches/9.3.1/transforms/8fa18587d71f212ce3fba803d5fa2e3a/transformed/camera-view-1.5.0/AndroidManifest.xml
Loading library manifest /opt/gradle/.gradle/caches/9.3.1/transforms/45b85cb37edb311dc679a3e690e07b55/transformed/appcompat-1.1.0/AndroidManifest.xml
Loading library manifest /opt/gradle/.gradle/caches/9.3.1/transforms/56e9ea1d0659156a4584654e7b93cebd/transformed/fragment-1.1.0/AndroidManifest.xml
Loading library manifest /opt/gradle/.gradle/caches/9.3.1/transforms/9abd8d0973b81add1ff222a4f1af26f9/transformed/haze-release/AndroidManifest.xml
Loading library manifest /opt/gradle/.gradle/caches/9.3.1/transforms/3a03528794528ef737a554f8f3ee7c07/transformed/material3-release/AndroidManifest.xml
Loading library manifest /opt/gradle/.gradle/caches/9.3.1/transforms/0c350ade69fa3468640694d23b003f50/transformed/ui-test-junit4-release/AndroidManifest.xml
Loading library manifest /opt/gradle/.gradle/caches/9.3.1/transforms/88ac58b38fda1b2bef6080cc5d724233/transformed/ui-tooling-data-release/AndroidManifest.xml
Loading library manifest /opt/gradle/.gradle/caches/9.3.1/transforms/1ae4ede34c5fd8fa0f80d534b56bd092/transformed/ui-test-release/AndroidManifest.xml
Loading library manifest /opt/gradle/.gradle/caches/9.3.1/transforms/558bd8084b318a4d54ff9263953736a8/transformed/ui-tooling-preview-release/AndroidManifest.xml
Loading library manifest /opt/gradle/.gradle/caches/9.3.1/transforms/f4e4cf52d7ba123f3399ede5a83515e4/transformed/foundation-layout-release/AndroidManifest.xml
Loading library manifest /opt/gradle/.gradle/caches/9.3.1/transforms/b55f2fea5ddacaf3d8ebc0123badfe6c/transformed/animation-core-release/AndroidManifest.xml
Loading library manifest /opt/gradle/.gradle/caches/9.3.1/transforms/e97ed2618394445528f1fe1b6827aabe/transformed/animation-release/AndroidManifest.xml
Loading library manifest /opt/gradle/.gradle/caches/9.3.1/transforms/a1e9ce7e48232e2d2e8da6a10596c195/transformed/ui-util-release/AndroidManifest.xml
Loading library manifest /opt/gradle/.gradle/caches/9.3.1/transforms/295555755305d6834ce55a1f7caede2d/transformed/ui-unit-release/AndroidManifest.xml
Loading library manifest /opt/gradle/.gradle/caches/9.3.1/transforms/fefd38412ab81a6d49cbb2d35b8339b4/transformed/ui-tooling-release/AndroidManifest.xml
Loading library manifest /opt/gradle/.gradle/caches/9.3.1/transforms/af693949cdb7c5df6a3a3e373e90938d/transformed/material-release/AndroidManifest.xml
Loading library manifest /opt/gradle/.gradle/caches/9.3.1/transforms/23a635751827c5fe1e21d7c5de905d38/transformed/material-ripple-release/AndroidManifest.xml
Loading library manifest /opt/gradle/.gradle/caches/9.3.1/transforms/c43ce291eaa017852b5aea91791de143/transformed/foundation-release/AndroidManifest.xml
Loading library manifest /opt/gradle/.gradle/caches/9.3.1/transforms/d82320b08eaadfc6b097c731ae0184bd/transformed/ui-text-release/AndroidManifest.xml
Loading library manifest /opt/gradle/.gradle/caches/9.3.1/transforms/24acbfabdaa4adcbb4a9f454c320ed48/transformed/ui-graphics-release/AndroidManifest.xml
Loading library manifest /opt/gradle/.gradle/caches/9.3.1/transforms/de0ca436761b991087357d1608cfca27/transformed/ui-geometry-release/AndroidManifest.xml
Loading library manifest /opt/gradle/.gradle/caches/9.3.1/transforms/32dc1296c89c02541b9573a1724c72c3/transformed/ui-test-manifest-1.7.7/AndroidManifest.xml
Loading library manifest /opt/gradle/.gradle/caches/9.3.1/transforms/6b82d8b6bff55367043eb3cd129325db/transformed/activity-1.10.1/AndroidManifest.xml
Loading library manifest /opt/gradle/.gradle/caches/9.3.1/transforms/bf881a8ef942a82d009d620e42edb09f/transformed/activity-ktx-1.10.1/AndroidManifest.xml
Loading library manifest /opt/gradle/.gradle/caches/9.3.1/transforms/bfa19f6760c948c02e51290e85cf44e8/transformed/activity-compose-1.10.1/AndroidManifest.xml
Loading library manifest /opt/gradle/.gradle/caches/9.3.1/transforms/fea2f9d1677b787f63011b7d952b80d5/transformed/loader-1.0.0/AndroidManifest.xml
Loading library manifest /opt/gradle/.gradle/caches/9.3.1/transforms/3f4945b2c3535c1e3edcc6bc64324273/transformed/generativeai-0.9.0/AndroidManifest.xml
Loading library manifest /opt/gradle/.gradle/caches/9.3.1/transforms/83ab5e28948a0769c5e72e4bf8f1e993/transformed/common-0.8.0/AndroidManifest.xml
Loading library manifest /opt/gradle/.gradle/caches/9.3.1/transforms/261dac82ae54e57d52c9d305e6b7a253/transformed/roborazzi-compose-1.59.0/AndroidManifest.xml
Loading library manifest /opt/gradle/.gradle/caches/9.3.1/transforms/f8fc462fa45346df46ebe4d85933b535/transformed/roborazzi-junit-rule-1.59.0/AndroidManifest.xml
Loading library manifest /opt/gradle/.gradle/caches/9.3.1/transforms/a60d8f6baac55874af177ba7e967a3dd/transformed/roborazzi-1.59.0/AndroidManifest.xml
Loading library manifest /opt/gradle/.gradle/caches/9.3.1/transforms/5bd0df36794273b723ad46c571c8e81c/transformed/roborazzi-core-release/AndroidManifest.xml
Loading library manifest /opt/gradle/.gradle/caches/9.3.1/transforms/28402749cb80080024d4346f3bc37dde/transformed/customview-poolingcontainer-1.0.0/AndroidManifest.xml
Loading library manifest /opt/gradle/.gradle/caches/9.3.1/transforms/a2a1cc56b013bdbb75ca94e776c289a6/transformed/core-ktx-1.18.0/AndroidManifest.xml
Loading library manifest /opt/gradle/.gradle/caches/9.3.1/transforms/0c6cc883ba00ceed38d7075dec650e68/transformed/appcompat-resources-1.1.0/AndroidManifest.xml
Loading library manifest /opt/gradle/.gradle/caches/9.3.1/transforms/71edfb6ab65c0826b65020ae48526991/transformed/drawerlayout-1.0.0/AndroidManifest.xml
Loading library manifest /opt/gradle/.gradle/caches/9.3.1/transforms/315750142aaa75aa6fee140761f542fe/transformed/viewpager-1.0.0/AndroidManifest.xml
Loading library manifest /opt/gradle/.gradle/caches/9.3.1/transforms/f59aeaee08b8f9030d7f8f7df0834e0e/transformed/vectordrawable-animated-1.1.0/AndroidManifest.xml
Loading library manifest /opt/gradle/.gradle/caches/9.3.1/transforms/c77eca6a1fcd19b9f31031d99f9526fb/transformed/vectordrawable-1.1.0/AndroidManifest.xml
Loading library manifest /opt/gradle/.gradle/caches/9.3.1/transforms/0095f1f5e8ad5111c72061e773e58542/transformed/customview-1.0.0/AndroidManifest.xml
Loading library manifest /opt/gradle/.gradle/caches/9.3.1/transforms/0aa2a9670b1b1bfe33de2310914c6599/transformed/autofill-1.0.0/AndroidManifest.xml
Loading library manifest /opt/gradle/.gradle/caches/9.3.1/transforms/00cc9e2af79e4f7022a6cb18f9b86627/transformed/emoji2-1.3.0/AndroidManifest.xml
Loading library manifest /opt/gradle/.gradle/caches/9.3.1/transforms/1200dba3287af0570561c79eaa6f3211/transformed/graphics-path-1.0.1/AndroidManifest.xml
Loading library manifest /opt/gradle/.gradle/caches/9.3.1/transforms/12b48c1a2fdf8613487b268c06ee12a7/transformed/core-1.18.0/AndroidManifest.xml
Loading library manifest /opt/gradle/.gradle/caches/9.3.1/transforms/a407e6a177147c23eceaf8710c0cc7dd/transformed/junit-ktx-1.2.1/AndroidManifest.xml
Loading library manifest /opt/gradle/.gradle/caches/9.3.1/transforms/f9662edaac5ea4abb84a97f795ac4bd8/transformed/junit-1.3.0/AndroidManifest.xml
Loading library manifest /opt/gradle/.gradle/caches/9.3.1/transforms/2e9942cf42d1980d08b932853dd176c8/transformed/espresso-core-3.5.1/AndroidManifest.xml
Loading library manifest /opt/gradle/.gradle/caches/9.3.1/transforms/a5f1c525e1c0bb32aa72e55e5a4938a3/transformed/core-1.7.0/AndroidManifest.xml
Loading library manifest /opt/gradle/.gradle/caches/9.3.1/transforms/888592f3aaf210a8c8b255dc6783831a/transformed/savedstate-ktx-1.2.1/AndroidManifest.xml
Loading library manifest /opt/gradle/.gradle/caches/9.3.1/transforms/9df1c67b1586917ebc961cc5ebbd7032/transformed/savedstate-1.2.1/AndroidManifest.xml
Loading library manifest /opt/gradle/.gradle/caches/9.3.1/transforms/bc21d770a42e29090497a3da09841e1e/transformed/lifecycle-process-2.8.7/AndroidManifest.xml
Loading library manifest /opt/gradle/.gradle/caches/9.3.1/transforms/51a539bf195310e8a269039b7c608943/transformed/lifecycle-viewmodel-2.8.7/AndroidManifest.xml
Loading library manifest /opt/gradle/.gradle/caches/9.3.1/transforms/0c669456b4d51fc70a218fafd0c0dc83/transformed/lifecycle-viewmodel-release/AndroidManifest.xml
Loading library manifest /opt/gradle/.gradle/caches/9.3.1/transforms/087978cbabb965f4ed4594e2038f7f89/transformed/lifecycle-livedata-core-ktx-2.8.7/AndroidManifest.xml
Loading library manifest /opt/gradle/.gradle/caches/9.3.1/transforms/aa4fe486f4b06b1f07de0b0d558f765c/transformed/lifecycle-runtime-release/AndroidManifest.xml
Loading library manifest /opt/gradle/.gradle/caches/9.3.1/transforms/5b83d2a8d082130addae970d0b84a651/transformed/lifecycle-viewmodel-savedstate-2.8.7/AndroidManifest.xml
Loading library manifest /opt/gradle/.gradle/caches/9.3.1/transforms/ba21f961d33efbacbe9fe2f41400e27a/transformed/lifecycle-viewmodel-ktx-2.8.7/AndroidManifest.xml
Loading library manifest /opt/gradle/.gradle/caches/9.3.1/transforms/63009ce1c762954037b55bc2d8ceeee9/transformed/lifecycle-livedata-core-2.8.7/AndroidManifest.xml
Loading library manifest /opt/gradle/.gradle/caches/9.3.1/transforms/ce2f0f63493c5c48917b37e179017ff4/transformed/lifecycle-livedata-2.8.7/AndroidManifest.xml
Loading library manifest /opt/gradle/.gradle/caches/9.3.1/transforms/43f54b76f41c7daa4d9416d1de8dc5bd/transformed/lifecycle-runtime-ktx-release/AndroidManifest.xml
Loading library manifest /opt/gradle/.gradle/caches/9.3.1/transforms/a52cc1f4f0e85c4f6da4d240e94798e7/transformed/lifecycle-runtime-compose-release/AndroidManifest.xml
Loading library manifest /opt/gradle/.gradle/caches/9.3.1/transforms/d43a27855289f138328557d6540c8d2a/transformed/lifecycle-viewmodel-compose-release/AndroidManifest.xml
Loading library manifest /opt/gradle/.gradle/caches/9.3.1/transforms/d7291566849db4794ffaaae54f26a89d/transformed/material-icons-extended-release/AndroidManifest.xml
Loading library manifest /opt/gradle/.gradle/caches/9.3.1/transforms/5182ccff7851fe93b31c37e551292a88/transformed/material-icons-core-release/AndroidManifest.xml
Loading library manifest /opt/gradle/.gradle/caches/9.3.1/transforms/e1714baf1686d3dbdbe144592320bf99/transformed/ui-release/AndroidManifest.xml
Loading library manifest /opt/gradle/.gradle/caches/9.3.1/transforms/2d53740b9453db295f99d373e22e89c1/transformed/runner-1.5.2/AndroidManifest.xml
Loading library manifest /opt/gradle/.gradle/caches/9.3.1/transforms/3494cb253097d852f03193946c4ffccf/transformed/room-runtime-release/AndroidManifest.xml
Loading library manifest /opt/gradle/.gradle/caches/9.3.1/transforms/5c84061eca94b4a3e989b750333463fb/transformed/room-ktx-2.7.0/AndroidManifest.xml
Loading library manifest /opt/gradle/.gradle/caches/9.3.1/transforms/18d159f81dce6e9e3a744efe4627b571/transformed/runtime-saveable-release/AndroidManifest.xml
Loading library manifest /opt/gradle/.gradle/caches/9.3.1/transforms/44ba3b2e36948dc2173369c6b5996892/transformed/runtime-release/AndroidManifest.xml
Loading library manifest /opt/gradle/.gradle/caches/9.3.1/transforms/eef3fa54aafa7067d5c1a61010ec8fcf/transformed/profileinstaller-1.4.0/AndroidManifest.xml
Loading library manifest /opt/gradle/.gradle/caches/9.3.1/transforms/e704d180220bfa3186232b19fa0530cb/transformed/storage-1.6.0/AndroidManifest.xml
Loading library manifest /opt/gradle/.gradle/caches/9.3.1/transforms/8da78a81c1b7a2057ee1ac8fafd97552/transformed/monitor-1.8.0/AndroidManifest.xml
Loading library manifest /opt/gradle/.gradle/caches/9.3.1/transforms/7cbbf8aa59b253da97ef7c13c4cffd45/transformed/annotation-1.0.1/AndroidManifest.xml
Loading library manifest /opt/gradle/.gradle/caches/9.3.1/transforms/b8bf9e319138a21d7d94a8a66a6fff8c/transformed/annotation-experimental-1.4.1/AndroidManifest.xml
Loading library manifest /opt/gradle/.gradle/caches/9.3.1/transforms/4f2995b24869c154cb78b474bb3f11e7/transformed/startup-runtime-1.1.1/AndroidManifest.xml
Loading library manifest /opt/gradle/.gradle/caches/9.3.1/transforms/7e46965789b98d4b5658bc4e6c5ed329/transformed/tracing-1.2.0/AndroidManifest.xml
Loading library manifest /opt/gradle/.gradle/caches/9.3.1/transforms/652ba4742cc7510dfcf42907c39575bf/transformed/tracing-ktx-1.2.0/AndroidManifest.xml
Loading library manifest /opt/gradle/.gradle/caches/9.3.1/transforms/cc53af15e99aed3579595f08604e9697/transformed/core-viewtree-1.0.0/AndroidManifest.xml
Loading library manifest /opt/gradle/.gradle/caches/9.3.1/transforms/37170f4b5fb6d4fd1a3bfbb47dbf49da/transformed/sqlite-framework-release/AndroidManifest.xml
Loading library manifest /opt/gradle/.gradle/caches/9.3.1/transforms/f86ec78f4a07793b1b44a162868a07b4/transformed/sqlite-release/AndroidManifest.xml
Loading library manifest /opt/gradle/.gradle/caches/9.3.1/transforms/5ea218a0165ebd99b2f32caf9e8fcbcb/transformed/core-runtime-2.2.0/AndroidManifest.xml
Loading library manifest /opt/gradle/.gradle/caches/9.3.1/transforms/bd23a8797dbcde5de56f0e208f45e208/transformed/featurecombinationquery-1.5.0/AndroidManifest.xml
Loading library manifest /opt/gradle/.gradle/caches/9.3.1/transforms/2e58ce9be520c3ea4a310efed8af0471/transformed/exifinterface-1.3.2/AndroidManifest.xml
Loading library manifest /opt/gradle/.gradle/caches/9.3.1/transforms/d11d11d52d46ce333cfaa4e7b6d6c0e6/transformed/cursoradapter-1.0.0/AndroidManifest.xml
Loading library manifest /opt/gradle/.gradle/caches/9.3.1/transforms/774cab18c4145433ff904b1733b198ce/transformed/interpolator-1.0.0/AndroidManifest.xml
Loading library manifest /opt/gradle/.gradle/caches/9.3.1/transforms/6482108664d1532f8038cf62137cfd47/transformed/versionedparcelable-1.1.1/AndroidManifest.xml
Loading library manifest /opt/gradle/.gradle/caches/9.3.1/transforms/4cd95b94c75609b786792de2645bb421/transformed/espresso-idling-resource-3.7.0/AndroidManifest.xml
Merging main manifest /app/applet/app/build/intermediates/tmp/manifest/test/debug/tempFile2ProcessTestManifest17775990009762640424.xml

Merging library manifest /opt/gradle/.gradle/caches/9.3.1/transforms/545a6ce92af32e953d073dd722cd2ae0/transformed/navigation-common-2.8.9/AndroidManifest.xml
Merging manifest with lower [androidx.navigation:navigation-common:2.8.9] AndroidManifest.xml:17:1-22:12
uses-sdk defined in both files...
Merging uses-sdk with lower [androidx.navigation:navigation-common:2.8.9] AndroidManifest.xml:20:5-44
Merging library manifest /opt/gradle/.gradle/caches/9.3.1/transforms/38d11fabdc951f4cb829172a693b1c4d/transformed/navigation-runtime-2.8.9/AndroidManifest.xml
Merging manifest with lower [androidx.navigation:navigation-runtime:2.8.9] AndroidManifest.xml:17:1-22:12
uses-sdk defined in both files...
Merging uses-sdk with lower [androidx.navigation:navigation-runtime:2.8.9] AndroidManifest.xml:20:5-44
Merging library manifest /opt/gradle/.gradle/caches/9.3.1/transforms/be2ed87049646306225fc0c02ee218ee/transformed/navigation-common-ktx-2.8.9/AndroidManifest.xml
Merging manifest with lower [androidx.navigation:navigation-common-ktx:2.8.9] AndroidManifest.xml:2:1-7:12
uses-sdk defined in both files...
Merging uses-sdk with lower [androidx.navigation:navigation-common-ktx:2.8.9] AndroidManifest.xml:5:5-44
Merging library manifest /opt/gradle/.gradle/caches/9.3.1/transforms/963638365ad6d977a3f991830a23b3c6/transformed/navigation-runtime-ktx-2.8.9/AndroidManifest.xml
Merging manifest with lower [androidx.navigation:navigation-runtime-ktx:2.8.9] AndroidManifest.xml:2:1-7:12
uses-sdk defined in both files...
Merging uses-sdk with lower [androidx.navigation:navigation-runtime-ktx:2.8.9] AndroidManifest.xml:5:5-44
Merging library manifest /opt/gradle/.gradle/caches/9.3.1/transforms/8b2adb995f67200dd4f595942bdbc65e/transformed/navigation-compose-2.8.9/AndroidManifest.xml
Merging manifest with lower [androidx.navigation:navigation-compose:2.8.9] AndroidManifest.xml:2:1-7:12
uses-sdk defined in both files...
Merging uses-sdk with lower [androidx.navigation:navigation-compose:2.8.9] AndroidManifest.xml:5:5-44
Merging library manifest /opt/gradle/.gradle/caches/9.3.1/transforms/c56d713c5eaf4c3988174eb46531eacf/transformed/camera-video-1.5.0/AndroidManifest.xml
Merging manifest with lower [androidx.camera:camera-video:1.5.0] AndroidManifest.xml:2:1-7:12
uses-sdk defined in both files...
Merging uses-sdk with lower [androidx.camera:camera-video:1.5.0] AndroidManifest.xml:5:5-44
Merging library manifest /opt/gradle/.gradle/caches/9.3.1/transforms/f2d8ad9b6a9bb49809868ef67dc356e8/transformed/camera-core-1.5.0/AndroidManifest.xml
Merging manifest with lower [androidx.camera:camera-core:1.5.0] AndroidManifest.xml:17:1-36:12
uses-sdk defined in both files...
Merging uses-sdk with lower [androidx.camera:camera-core:1.5.0] AndroidManifest.xml:21:5-44
application defined in both files...
Merging application with lower [androidx.camera:camera-core:1.5.0] AndroidManifest.xml:23:5-34:19
Adopted [service: null]
Merging library manifest /opt/gradle/.gradle/caches/9.3.1/transforms/94a30dcbd3d7e0e21ddbe32d3ac09d63/transformed/camera-lifecycle-1.5.0/AndroidManifest.xml
Merging manifest with lower [androidx.camera:camera-lifecycle:1.5.0] AndroidManifest.xml:2:1-7:12
uses-sdk defined in both files...
Merging uses-sdk with lower [androidx.camera:camera-lifecycle:1.5.0] AndroidManifest.xml:5:5-44
Merging library manifest /opt/gradle/.gradle/caches/9.3.1/transforms/610e4a8919ba788e8fea8d57da8dea78/transformed/camera-camera2-1.5.0/AndroidManifest.xml
Merging manifest with lower [androidx.camera:camera-camera2:1.5.0] AndroidManifest.xml:17:1-36:12
uses-sdk defined in both files...
Merging uses-sdk with lower [androidx.camera:camera-camera2:1.5.0] AndroidManifest.xml:21:5-44
application defined in both files...
Merging application with lower [androidx.camera:camera-camera2:1.5.0] AndroidManifest.xml:23:5-34:19
service#androidx.camera.core.impl.MetadataHolderService defined in both files...
Merging service#androidx.camera.core.impl.MetadataHolderService with lower [androidx.camera:camera-camera2:1.5.0] AndroidManifest.xml:24:9-33:19
Adopted [meta-data: null]
Merging library manifest /opt/gradle/.gradle/caches/9.3.1/transforms/8fa18587d71f212ce3fba803d5fa2e3a/transformed/camera-view-1.5.0/AndroidManifest.xml
Merging manifest with lower [androidx.camera:camera-view:1.5.0] AndroidManifest.xml:2:1-7:12
uses-sdk defined in both files...
Merging uses-sdk with lower [androidx.camera:camera-view:1.5.0] AndroidManifest.xml:5:5-44
Merging library manifest /opt/gradle/.gradle/caches/9.3.1/transforms/45b85cb37edb311dc679a3e690e07b55/transformed/appcompat-1.1.0/AndroidManifest.xml
Merging manifest with lower [androidx.appcompat:appcompat:1.1.0] AndroidManifest.xml:17:1-24:12
uses-sdk defined in both files...
Merging uses-sdk with lower [androidx.appcompat:appcompat:1.1.0] AndroidManifest.xml:20:5-22:41
Merging library manifest /opt/gradle/.gradle/caches/9.3.1/transforms/56e9ea1d0659156a4584654e7b93cebd/transformed/fragment-1.1.0/AndroidManifest.xml
Merging manifest with lower [androidx.fragment:fragment:1.1.0] AndroidManifest.xml:17:1-24:12
uses-sdk defined in both files...
Merging uses-sdk with lower [androidx.fragment:fragment:1.1.0] AndroidManifest.xml:20:5-22:41
Merging library manifest /opt/gradle/.gradle/caches/9.3.1/transforms/9abd8d0973b81add1ff222a4f1af26f9/transformed/haze-release/AndroidManifest.xml
Merging manifest with lower [dev.chrisbanes.haze:haze-android:1.3.1] AndroidManifest.xml:2:1-7:12
uses-sdk defined in both files...
Merging uses-sdk with lower [dev.chrisbanes.haze:haze-android:1.3.1] AndroidManifest.xml:5:5-44
Merging library manifest /opt/gradle/.gradle/caches/9.3.1/transforms/3a03528794528ef737a554f8f3ee7c07/transformed/material3-release/AndroidManifest.xml
Merging manifest with lower [androidx.compose.material3:material3-android:1.3.0] AndroidManifest.xml:17:1-22:12
uses-sdk defined in both files...
Merging uses-sdk with lower [androidx.compose.material3:material3-android:1.3.0] AndroidManifest.xml:20:5-44
Merging library manifest /opt/gradle/.gradle/caches/9.3.1/transforms/0c350ade69fa3468640694d23b003f50/transformed/ui-test-junit4-release/AndroidManifest.xml
Merging manifest with lower [androidx.compose.ui:ui-test-junit4-android:1.7.7] AndroidManifest.xml:2:1-7:12
uses-sdk defined in both files...
Merging uses-sdk with lower [androidx.compose.ui:ui-test-junit4-android:1.7.7] AndroidManifest.xml:5:5-44
Merging library manifest /opt/gradle/.gradle/caches/9.3.1/transforms/88ac58b38fda1b2bef6080cc5d724233/transformed/ui-tooling-data-release/AndroidManifest.xml
Merging manifest with lower [androidx.compose.ui:ui-tooling-data-android:1.7.7] AndroidManifest.xml:2:1-7:12
uses-sdk defined in both files...
Merging uses-sdk with lower [androidx.compose.ui:ui-tooling-data-android:1.7.7] AndroidManifest.xml:5:5-44
Merging library manifest /opt/gradle/.gradle/caches/9.3.1/transforms/1ae4ede34c5fd8fa0f80d534b56bd092/transformed/ui-test-release/AndroidManifest.xml
Merging manifest with lower [androidx.compose.ui:ui-test-android:1.7.7] AndroidManifest.xml:2:1-7:12
uses-sdk defined in both files...
Merging uses-sdk with lower [androidx.compose.ui:ui-test-android:1.7.7] AndroidManifest.xml:5:5-44
Merging library manifest /opt/gradle/.gradle/caches/9.3.1/transforms/558bd8084b318a4d54ff9263953736a8/transformed/ui-tooling-preview-release/AndroidManifest.xml
Merging manifest with lower [androidx.compose.ui:ui-tooling-preview-android:1.7.7] AndroidManifest.xml:17:1-22:12
uses-sdk defined in both files...
Merging uses-sdk with lower [androidx.compose.ui:ui-tooling-preview-android:1.7.7] AndroidManifest.xml:20:5-44
Merging library manifest /opt/gradle/.gradle/caches/9.3.1/transforms/f4e4cf52d7ba123f3399ede5a83515e4/transformed/foundation-layout-release/AndroidManifest.xml
Merging manifest with lower [androidx.compose.foundation:foundation-layout-android:1.7.7] AndroidManifest.xml:2:1-7:12
uses-sdk defined in both files...
Merging uses-sdk with lower [androidx.compose.foundation:foundation-layout-android:1.7.7] AndroidManifest.xml:5:5-44
Merging library manifest /opt/gradle/.gradle/caches/9.3.1/transforms/b55f2fea5ddacaf3d8ebc0123badfe6c/transformed/animation-core-release/AndroidManifest.xml
Merging manifest with lower [androidx.compose.animation:animation-core-android:1.7.7] AndroidManifest.xml:2:1-7:12
uses-sdk defined in both files...
Merging uses-sdk with lower [androidx.compose.animation:animation-core-android:1.7.7] AndroidManifest.xml:5:5-44
Merging library manifest /opt/gradle/.gradle/caches/9.3.1/transforms/e97ed2618394445528f1fe1b6827aabe/transformed/animation-release/AndroidManifest.xml
Merging manifest with lower [androidx.compose.animation:animation-android:1.7.7] AndroidManifest.xml:2:1-7:12
uses-sdk defined in both files...
Merging uses-sdk with lower [androidx.compose.animation:animation-android:1.7.7] AndroidManifest.xml:5:5-44
Merging library manifest /opt/gradle/.gradle/caches/9.3.1/transforms/a1e9ce7e48232e2d2e8da6a10596c195/transformed/ui-util-release/AndroidManifest.xml
Merging manifest with lower [androidx.compose.ui:ui-util-android:1.7.7] AndroidManifest.xml:2:1-7:12
uses-sdk defined in both files...
Merging uses-sdk with lower [androidx.compose.ui:ui-util-android:1.7.7] AndroidManifest.xml:5:5-44
Merging library manifest /opt/gradle/.gradle/caches/9.3.1/transforms/295555755305d6834ce55a1f7caede2d/transformed/ui-unit-release/AndroidManifest.xml
Merging manifest with lower [androidx.compose.ui:ui-unit-android:1.7.7] AndroidManifest.xml:2:1-7:12
uses-sdk defined in both files...
Merging uses-sdk with lower [androidx.compose.ui:ui-unit-android:1.7.7] AndroidManifest.xml:5:5-44
Merging library manifest /opt/gradle/.gradle/caches/9.3.1/transforms/fefd38412ab81a6d49cbb2d35b8339b4/transformed/ui-tooling-release/AndroidManifest.xml
Merging manifest with lower [androidx.compose.ui:ui-tooling-android:1.7.7] AndroidManifest.xml:17:1-28:12
uses-sdk defined in both files...
Merging uses-sdk with lower [androidx.compose.ui:ui-tooling-android:1.7.7] AndroidManifest.xml:20:5-44
application defined in both files...
Merging application with lower [androidx.compose.ui:ui-tooling-android:1.7.7] AndroidManifest.xml:22:5-26:19
Adopted [activity: null]
Merging library manifest /opt/gradle/.gradle/caches/9.3.1/transforms/af693949cdb7c5df6a3a3e373e90938d/transformed/material-release/AndroidManifest.xml
Merging manifest with lower [androidx.compose.material:material-android:1.7.0] AndroidManifest.xml:2:1-7:12
uses-sdk defined in both files...
Merging uses-sdk with lower [androidx.compose.material:material-android:1.7.0] AndroidManifest.xml:5:5-44
Merging library manifest /opt/gradle/.gradle/caches/9.3.1/transforms/23a635751827c5fe1e21d7c5de905d38/transformed/material-ripple-release/AndroidManifest.xml
Merging manifest with lower [androidx.compose.material:material-ripple-android:1.7.0] AndroidManifest.xml:2:1-7:12
uses-sdk defined in both files...
Merging uses-sdk with lower [androidx.compose.material:material-ripple-android:1.7.0] AndroidManifest.xml:5:5-44
Merging library manifest /opt/gradle/.gradle/caches/9.3.1/transforms/c43ce291eaa017852b5aea91791de143/transformed/foundation-release/AndroidManifest.xml
Merging manifest with lower [androidx.compose.foundation:foundation-android:1.7.7] AndroidManifest.xml:2:1-7:12
uses-sdk defined in both files...
Merging uses-sdk with lower [androidx.compose.foundation:foundation-android:1.7.7] AndroidManifest.xml:5:5-44
Merging library manifest /opt/gradle/.gradle/caches/9.3.1/transforms/d82320b08eaadfc6b097c731ae0184bd/transformed/ui-text-release/AndroidManifest.xml
Merging manifest with lower [androidx.compose.ui:ui-text-android:1.7.7] AndroidManifest.xml:2:1-7:12
uses-sdk defined in both files...
Merging uses-sdk with lower [androidx.compose.ui:ui-text-android:1.7.7] AndroidManifest.xml:5:5-44
Merging library manifest /opt/gradle/.gradle/caches/9.3.1/transforms/24acbfabdaa4adcbb4a9f454c320ed48/transformed/ui-graphics-release/AndroidManifest.xml
Merging manifest with lower [androidx.compose.ui:ui-graphics-android:1.7.7] AndroidManifest.xml:2:1-7:12
uses-sdk defined in both files...
Merging uses-sdk with lower [androidx.compose.ui:ui-graphics-android:1.7.7] AndroidManifest.xml:5:5-44
Merging library manifest /opt/gradle/.gradle/caches/9.3.1/transforms/de0ca436761b991087357d1608cfca27/transformed/ui-geometry-release/AndroidManifest.xml
Merging manifest with lower [androidx.compose.ui:ui-geometry-android:1.7.7] AndroidManifest.xml:2:1-7:12
uses-sdk defined in both files...
Merging uses-sdk with lower [androidx.compose.ui:ui-geometry-android:1.7.7] AndroidManifest.xml:5:5-44
Merging library manifest /opt/gradle/.gradle/caches/9.3.1/transforms/32dc1296c89c02541b9573a1724c72c3/transformed/ui-test-manifest-1.7.7/AndroidManifest.xml
Merging manifest with lower [androidx.compose.ui:ui-test-manifest:1.7.7] AndroidManifest.xml:17:1-28:12
uses-sdk defined in both files...
Merging uses-sdk with lower [androidx.compose.ui:ui-test-manifest:1.7.7] AndroidManifest.xml:20:5-44
application defined in both files...
Merging application with lower [androidx.compose.ui:ui-test-manifest:1.7.7] AndroidManifest.xml:22:5-26:19
Adopted [activity: null]
Merging library manifest /opt/gradle/.gradle/caches/9.3.1/transforms/6b82d8b6bff55367043eb3cd129325db/transformed/activity-1.10.1/AndroidManifest.xml
Merging manifest with lower [androidx.activity:activity:1.10.1] AndroidManifest.xml:17:1-22:12
uses-sdk defined in both files...
Merging uses-sdk with lower [androidx.activity:activity:1.10.1] AndroidManifest.xml:20:5-44
Merging library manifest /opt/gradle/.gradle/caches/9.3.1/transforms/bf881a8ef942a82d009d620e42edb09f/transformed/activity-ktx-1.10.1/AndroidManifest.xml
Merging manifest with lower [androidx.activity:activity-ktx:1.10.1] AndroidManifest.xml:2:1-7:12
uses-sdk defined in both files...
Merging uses-sdk with lower [androidx.activity:activity-ktx:1.10.1] AndroidManifest.xml:5:5-44
Merging library manifest /opt/gradle/.gradle/caches/9.3.1/transforms/bfa19f6760c948c02e51290e85cf44e8/transformed/activity-compose-1.10.1/AndroidManifest.xml
Merging manifest with lower [androidx.activity:activity-compose:1.10.1] AndroidManifest.xml:2:1-7:12
uses-sdk defined in both files...
Merging uses-sdk with lower [androidx.activity:activity-compose:1.10.1] AndroidManifest.xml:5:5-44
Merging library manifest /opt/gradle/.gradle/caches/9.3.1/transforms/fea2f9d1677b787f63011b7d952b80d5/transformed/loader-1.0.0/AndroidManifest.xml
Merging manifest with lower [androidx.loader:loader:1.0.0] AndroidManifest.xml:17:1-22:12
uses-sdk defined in both files...
Merging uses-sdk with lower [androidx.loader:loader:1.0.0] AndroidManifest.xml:20:5-44
Merging library manifest /opt/gradle/.gradle/caches/9.3.1/transforms/3f4945b2c3535c1e3edcc6bc64324273/transformed/generativeai-0.9.0/AndroidManifest.xml
Merging manifest with lower [com.google.ai.client.generativeai:generativeai:0.9.0] AndroidManifest.xml:17:1-24:12
uses-sdk defined in both files...
Merging uses-sdk with lower [com.google.ai.client.generativeai:generativeai:0.9.0] AndroidManifest.xml:20:5-44
uses-permission#android.permission.INTERNET defined in both files...
Merging uses-permission#android.permission.INTERNET with lower [com.google.ai.client.generativeai:generativeai:0.9.0] AndroidManifest.xml:22:5-67
Merging library manifest /opt/gradle/.gradle/caches/9.3.1/transforms/83ab5e28948a0769c5e72e4bf8f1e993/transformed/common-0.8.0/AndroidManifest.xml
Merging manifest with lower [com.google.ai.client.generativeai:common:0.8.0] AndroidManifest.xml:17:1-24:12
uses-sdk defined in both files...
Merging uses-sdk with lower [com.google.ai.client.generativeai:common:0.8.0] AndroidManifest.xml:20:5-44
uses-permission#android.permission.INTERNET defined in both files...
Merging uses-permission#android.permission.INTERNET with lower [com.google.ai.client.generativeai:common:0.8.0] AndroidManifest.xml:22:5-67
Merging library manifest /opt/gradle/.gradle/caches/9.3.1/transforms/261dac82ae54e57d52c9d305e6b7a253/transformed/roborazzi-compose-1.59.0/AndroidManifest.xml
Merging manifest with lower [io.github.takahirom.roborazzi:roborazzi-compose:1.59.0] AndroidManifest.xml:2:1-10:12
uses-sdk defined in both files...
Merging uses-sdk with lower [io.github.takahirom.roborazzi:roborazzi-compose:1.59.0] AndroidManifest.xml:5:5-44
application defined in both files...
Merging application with lower [io.github.takahirom.roborazzi:roborazzi-compose:1.59.0] AndroidManifest.xml:7:5-8:19
Merging library manifest /opt/gradle/.gradle/caches/9.3.1/transforms/f8fc462fa45346df46ebe4d85933b535/transformed/roborazzi-junit-rule-1.59.0/AndroidManifest.xml
Merging manifest with lower [io.github.takahirom.roborazzi:roborazzi-junit-rule:1.59.0] AndroidManifest.xml:2:1-7:12
uses-sdk defined in both files...
Merging uses-sdk with lower [io.github.takahirom.roborazzi:roborazzi-junit-rule:1.59.0] AndroidManifest.xml:5:5-44
Merging library manifest /opt/gradle/.gradle/caches/9.3.1/transforms/a60d8f6baac55874af177ba7e967a3dd/transformed/roborazzi-1.59.0/AndroidManifest.xml
Merging manifest with lower [io.github.takahirom.roborazzi:roborazzi:1.59.0] AndroidManifest.xml:2:1-14:12
uses-sdk defined in both files...
Merging uses-sdk with lower [io.github.takahirom.roborazzi:roborazzi:1.59.0] AndroidManifest.xml:5:5-44
application defined in both files...
Merging application with lower [io.github.takahirom.roborazzi:roborazzi:1.59.0] AndroidManifest.xml:7:5-12:19
Adopted [activity: null]
Adopted [activity: null]
Merging library manifest /opt/gradle/.gradle/caches/9.3.1/transforms/5bd0df36794273b723ad46c571c8e81c/transformed/roborazzi-core-release/AndroidManifest.xml
Merging manifest with lower [io.github.takahirom.roborazzi:roborazzi-core-android:1.59.0] AndroidManifest.xml:2:1-7:12
uses-sdk defined in both files...
Merging uses-sdk with lower [io.github.takahirom.roborazzi:roborazzi-core-android:1.59.0] AndroidManifest.xml:5:5-44
Merging library manifest /opt/gradle/.gradle/caches/9.3.1/transforms/28402749cb80080024d4346f3bc37dde/transformed/customview-poolingcontainer-1.0.0/AndroidManifest.xml
Merging manifest with lower [androidx.customview:customview-poolingcontainer:1.0.0] AndroidManifest.xml:17:1-23:12
uses-sdk defined in both files...
Merging uses-sdk with lower [androidx.customview:customview-poolingcontainer:1.0.0] AndroidManifest.xml:20:5-21:38
Merging library manifest /opt/gradle/.gradle/caches/9.3.1/transforms/a2a1cc56b013bdbb75ca94e776c289a6/transformed/core-ktx-1.18.0/AndroidManifest.xml
Merging manifest with lower [androidx.core:core-ktx:1.18.0] AndroidManifest.xml:2:1-7:12
uses-sdk defined in both files...
Merging uses-sdk with lower [androidx.core:core-ktx:1.18.0] AndroidManifest.xml:5:5-44
Merging library manifest /opt/gradle/.gradle/caches/9.3.1/transforms/0c6cc883ba00ceed38d7075dec650e68/transformed/appcompat-resources-1.1.0/AndroidManifest.xml
Merging manifest with lower [androidx.appcompat:appcompat-resources:1.1.0] AndroidManifest.xml:17:1-24:12
uses-sdk defined in both files...
Merging uses-sdk with lower [androidx.appcompat:appcompat-resources:1.1.0] AndroidManifest.xml:20:5-22:41
Merging library manifest /opt/gradle/.gradle/caches/9.3.1/transforms/71edfb6ab65c0826b65020ae48526991/transformed/drawerlayout-1.0.0/AndroidManifest.xml
Merging manifest with lower [androidx.drawerlayout:drawerlayout:1.0.0] AndroidManifest.xml:17:1-22:12
uses-sdk defined in both files...
Merging uses-sdk with lower [androidx.drawerlayout:drawerlayout:1.0.0] AndroidManifest.xml:20:5-44
Merging library manifest /opt/gradle/.gradle/caches/9.3.1/transforms/315750142aaa75aa6fee140761f542fe/transformed/viewpager-1.0.0/AndroidManifest.xml
Merging manifest with lower [androidx.viewpager:viewpager:1.0.0] AndroidManifest.xml:17:1-22:12
uses-sdk defined in both files...
Merging uses-sdk with lower [androidx.viewpager:viewpager:1.0.0] AndroidManifest.xml:20:5-44
Merging library manifest /opt/gradle/.gradle/caches/9.3.1/transforms/f59aeaee08b8f9030d7f8f7df0834e0e/transformed/vectordrawable-animated-1.1.0/AndroidManifest.xml
Merging manifest with lower [androidx.vectordrawable:vectordrawable-animated:1.1.0] AndroidManifest.xml:17:1-24:12
uses-sdk defined in both files...
Merging uses-sdk with lower [androidx.vectordrawable:vectordrawable-animated:1.1.0] AndroidManifest.xml:20:5-22:41
Merging library manifest /opt/gradle/.gradle/caches/9.3.1/transforms/c77eca6a1fcd19b9f31031d99f9526fb/transformed/vectordrawable-1.1.0/AndroidManifest.xml
Merging manifest with lower [androidx.vectordrawable:vectordrawable:1.1.0] AndroidManifest.xml:17:1-24:12
uses-sdk defined in both files...
Merging uses-sdk with lower [androidx.vectordrawable:vectordrawable:1.1.0] AndroidManifest.xml:20:5-22:41
Merging library manifest /opt/gradle/.gradle/caches/9.3.1/transforms/0095f1f5e8ad5111c72061e773e58542/transformed/customview-1.0.0/AndroidManifest.xml
Merging manifest with lower [androidx.customview:customview:1.0.0] AndroidManifest.xml:17:1-22:12
uses-sdk defined in both files...
Merging uses-sdk with lower [androidx.customview:customview:1.0.0] AndroidManifest.xml:20:5-44
Merging library manifest /opt/gradle/.gradle/caches/9.3.1/transforms/0aa2a9670b1b1bfe33de2310914c6599/transformed/autofill-1.0.0/AndroidManifest.xml
Merging manifest with lower [androidx.autofill:autofill:1.0.0] AndroidManifest.xml:17:1-24:12
uses-sdk defined in both files...
Merging uses-sdk with lower [androidx.autofill:autofill:1.0.0] AndroidManifest.xml:20:5-22:41
Merging library manifest /opt/gradle/.gradle/caches/9.3.1/transforms/00cc9e2af79e4f7022a6cb18f9b86627/transformed/emoji2-1.3.0/AndroidManifest.xml
Merging manifest with lower [androidx.emoji2:emoji2:1.3.0] AndroidManifest.xml:17:1-35:12
uses-sdk defined in both files...
Merging uses-sdk with lower [androidx.emoji2:emoji2:1.3.0] AndroidManifest.xml:21:5-44
application defined in both files...
Merging application with lower [androidx.emoji2:emoji2:1.3.0] AndroidManifest.xml:23:5-33:19
Adopted [provider: null]
Merging library manifest /opt/gradle/.gradle/caches/9.3.1/transforms/1200dba3287af0570561c79eaa6f3211/transformed/graphics-path-1.0.1/AndroidManifest.xml
Merging manifest with lower [androidx.graphics:graphics-path:1.0.1] AndroidManifest.xml:2:1-7:12
uses-sdk defined in both files...
Merging uses-sdk with lower [androidx.graphics:graphics-path:1.0.1] AndroidManifest.xml:5:5-44
Merging library manifest /opt/gradle/.gradle/caches/9.3.1/transforms/12b48c1a2fdf8613487b268c06ee12a7/transformed/core-1.18.0/AndroidManifest.xml
Merging manifest with lower [androidx.core:core:1.18.0] AndroidManifest.xml:17:1-30:12
uses-sdk defined in both files...
Merging uses-sdk with lower [androidx.core:core:1.18.0] AndroidManifest.xml:20:5-44
Adopted [permission: null]
Adopted [uses-permission: null]
application defined in both files...
Merging application with lower [androidx.core:core:1.18.0] AndroidManifest.xml:28:5-89
Merging library manifest /opt/gradle/.gradle/caches/9.3.1/transforms/a407e6a177147c23eceaf8710c0cc7dd/transformed/junit-ktx-1.2.1/AndroidManifest.xml
Merging manifest with lower [androidx.test.ext:junit-ktx:1.2.1] AndroidManifest.xml:17:1-24:12
uses-sdk defined in both files...
Merging uses-sdk with lower [androidx.test.ext:junit-ktx:1.2.1] AndroidManifest.xml:20:5-22:41
Merging library manifest /opt/gradle/.gradle/caches/9.3.1/transforms/f9662edaac5ea4abb84a97f795ac4bd8/transformed/junit-1.3.0/AndroidManifest.xml
Merging manifest with lower [androidx.test.ext:junit:1.3.0] AndroidManifest.xml:17:1-24:12
uses-sdk defined in both files...
Merging uses-sdk with lower [androidx.test.ext:junit:1.3.0] AndroidManifest.xml:20:5-22:41
Merging library manifest /opt/gradle/.gradle/caches/9.3.1/transforms/2e9942cf42d1980d08b932853dd176c8/transformed/espresso-core-3.5.1/AndroidManifest.xml
Merging manifest with lower [androidx.test.espresso:espresso-core:3.5.1] AndroidManifest.xml:17:1-24:12
uses-sdk defined in both files...
Merging uses-sdk with lower [androidx.test.espresso:espresso-core:3.5.1] AndroidManifest.xml:20:5-22:41
Merging library manifest /opt/gradle/.gradle/caches/9.3.1/transforms/a5f1c525e1c0bb32aa72e55e5a4938a3/transformed/core-1.7.0/AndroidManifest.xml
Merging manifest with lower [androidx.test:core:1.7.0] AndroidManifest.xml:17:1-53:12
uses-sdk defined in both files...
Merging uses-sdk with lower [androidx.test:core:1.7.0] AndroidManifest.xml:20:5-22:41
Adopted [uses-permission: null]
application defined in both files...
Merging application with lower [androidx.test:core:1.7.0] AndroidManifest.xml:26:5-51:19
Adopted [activity: null]
Adopted [activity: null]
Adopted [activity: null]
Merging library manifest /opt/gradle/.gradle/caches/9.3.1/transforms/888592f3aaf210a8c8b255dc6783831a/transformed/savedstate-ktx-1.2.1/AndroidManifest.xml
Merging manifest with lower [androidx.savedstate:savedstate-ktx:1.2.1] AndroidManifest.xml:17:1-22:12
uses-sdk defined in both files...
Merging uses-sdk with lower [androidx.savedstate:savedstate-ktx:1.2.1] AndroidManifest.xml:20:5-44
Merging library manifest /opt/gradle/.gradle/caches/9.3.1/transforms/9df1c67b1586917ebc961cc5ebbd7032/transformed/savedstate-1.2.1/AndroidManifest.xml
Merging manifest with lower [androidx.savedstate:savedstate:1.2.1] AndroidManifest.xml:17:1-22:12
uses-sdk defined in both files...
Merging uses-sdk with lower [androidx.savedstate:savedstate:1.2.1] AndroidManifest.xml:20:5-44
Merging library manifest /opt/gradle/.gradle/caches/9.3.1/transforms/bc21d770a42e29090497a3da09841e1e/transformed/lifecycle-process-2.8.7/AndroidManifest.xml
Merging manifest with lower [androidx.lifecycle:lifecycle-process:2.8.7] AndroidManifest.xml:17:1-35:12
uses-sdk defined in both files...
Merging uses-sdk with lower [androidx.lifecycle:lifecycle-process:2.8.7] AndroidManifest.xml:21:5-44
application defined in both files...
Merging application with lower [androidx.lifecycle:lifecycle-process:2.8.7] AndroidManifest.xml:23:5-33:19
provider#androidx.startup.InitializationProvider defined in both files...
Merging provider#androidx.startup.InitializationProvider with lower [androidx.lifecycle:lifecycle-process:2.8.7] AndroidManifest.xml:24:9-32:20
Adopted [meta-data: null]
Merging library manifest /opt/gradle/.gradle/caches/9.3.1/transforms/51a539bf195310e8a269039b7c608943/transformed/lifecycle-viewmodel-2.8.7/AndroidManifest.xml
Merging manifest with lower [androidx.lifecycle:lifecycle-viewmodel:2.8.7] AndroidManifest.xml:2:1-5:12
uses-sdk defined in both files...
Merging uses-sdk with lower [androidx.lifecycle:lifecycle-viewmodel:2.8.7] AndroidManifest.xml:4:5-43
Merging library manifest /opt/gradle/.gradle/caches/9.3.1/transforms/0c669456b4d51fc70a218fafd0c0dc83/transformed/lifecycle-viewmodel-release/AndroidManifest.xml
Merging manifest with lower [androidx.lifecycle:lifecycle-viewmodel-android:2.8.7] AndroidManifest.xml:17:1-22:12
uses-sdk defined in both files...
Merging uses-sdk with lower [androidx.lifecycle:lifecycle-viewmodel-android:2.8.7] AndroidManifest.xml:20:5-44
Merging library manifest /opt/gradle/.gradle/caches/9.3.1/transforms/087978cbabb965f4ed4594e2038f7f89/transformed/lifecycle-livedata-core-ktx-2.8.7/AndroidManifest.xml
Merging manifest with lower [androidx.lifecycle:lifecycle-livedata-core-ktx:2.8.7] AndroidManifest.xml:2:1-7:12
uses-sdk defined in both files...
Merging uses-sdk with lower [androidx.lifecycle:lifecycle-livedata-core-ktx:2.8.7] AndroidManifest.xml:5:5-44
Merging library manifest /opt/gradle/.gradle/caches/9.3.1/transforms/aa4fe486f4b06b1f07de0b0d558f765c/transformed/lifecycle-runtime-release/AndroidManifest.xml
Merging manifest with lower [androidx.lifecycle:lifecycle-runtime-android:2.8.7] AndroidManifest.xml:17:1-22:12
uses-sdk defined in both files...
Merging uses-sdk with lower [androidx.lifecycle:lifecycle-runtime-android:2.8.7] AndroidManifest.xml:20:5-44
Merging library manifest /opt/gradle/.gradle/caches/9.3.1/transforms/5b83d2a8d082130addae970d0b84a651/transformed/lifecycle-viewmodel-savedstate-2.8.7/AndroidManifest.xml
Merging manifest with lower [androidx.lifecycle:lifecycle-viewmodel-savedstate:2.8.7] AndroidManifest.xml:17:1-22:12
uses-sdk defined in both files...
Merging uses-sdk with lower [androidx.lifecycle:lifecycle-viewmodel-savedstate:2.8.7] AndroidManifest.xml:20:5-44
Merging library manifest /opt/gradle/.gradle/caches/9.3.1/transforms/ba21f961d33efbacbe9fe2f41400e27a/transformed/lifecycle-viewmodel-ktx-2.8.7/AndroidManifest.xml
Merging manifest with lower [androidx.lifecycle:lifecycle-viewmodel-ktx:2.8.7] AndroidManifest.xml:2:1-7:12
uses-sdk defined in both files...
Merging uses-sdk with lower [androidx.lifecycle:lifecycle-viewmodel-ktx:2.8.7] AndroidManifest.xml:5:5-44
Merging library manifest /opt/gradle/.gradle/caches/9.3.1/transforms/63009ce1c762954037b55bc2d8ceeee9/transformed/lifecycle-livedata-core-2.8.7/AndroidManifest.xml
Merging manifest with lower [androidx.lifecycle:lifecycle-livedata-core:2.8.7] AndroidManifest.xml:17:1-22:12
uses-sdk defined in both files...
Merging uses-sdk with lower [androidx.lifecycle:lifecycle-livedata-core:2.8.7] AndroidManifest.xml:20:5-44
Merging library manifest /opt/gradle/.gradle/caches/9.3.1/transforms/ce2f0f63493c5c48917b37e179017ff4/transformed/lifecycle-livedata-2.8.7/AndroidManifest.xml
Merging manifest with lower [androidx.lifecycle:lifecycle-livedata:2.8.7] AndroidManifest.xml:17:1-22:12
uses-sdk defined in both files...
Merging uses-sdk with lower [androidx.lifecycle:lifecycle-livedata:2.8.7] AndroidManifest.xml:20:5-44
Merging library manifest /opt/gradle/.gradle/caches/9.3.1/transforms/43f54b76f41c7daa4d9416d1de8dc5bd/transformed/lifecycle-runtime-ktx-release/AndroidManifest.xml
Merging manifest with lower [androidx.lifecycle:lifecycle-runtime-ktx-android:2.8.7] AndroidManifest.xml:2:1-7:12
uses-sdk defined in both files...
Merging uses-sdk with lower [androidx.lifecycle:lifecycle-runtime-ktx-android:2.8.7] AndroidManifest.xml:5:5-44
Merging library manifest /opt/gradle/.gradle/caches/9.3.1/transforms/a52cc1f4f0e85c4f6da4d240e94798e7/transformed/lifecycle-runtime-compose-release/AndroidManifest.xml
Merging manifest with lower [androidx.lifecycle:lifecycle-runtime-compose-android:2.8.7] AndroidManifest.xml:2:1-7:12
uses-sdk defined in both files...
Merging uses-sdk with lower [androidx.lifecycle:lifecycle-runtime-compose-android:2.8.7] AndroidManifest.xml:5:5-44
Merging library manifest /opt/gradle/.gradle/caches/9.3.1/transforms/d43a27855289f138328557d6540c8d2a/transformed/lifecycle-viewmodel-compose-release/AndroidManifest.xml
Merging manifest with lower [androidx.lifecycle:lifecycle-viewmodel-compose-android:2.8.7] AndroidManifest.xml:2:1-7:12
uses-sdk defined in both files...
Merging uses-sdk with lower [androidx.lifecycle:lifecycle-viewmodel-compose-android:2.8.7] AndroidManifest.xml:5:5-44
Merging library manifest /opt/gradle/.gradle/caches/9.3.1/transforms/d7291566849db4794ffaaae54f26a89d/transformed/material-icons-extended-release/AndroidManifest.xml
Merging manifest with lower [androidx.compose.material:material-icons-extended-android:1.7.0] AndroidManifest.xml:2:1-7:12
uses-sdk defined in both files...
Merging uses-sdk with lower [androidx.compose.material:material-icons-extended-android:1.7.0] AndroidManifest.xml:5:5-44
Merging library manifest /opt/gradle/.gradle/caches/9.3.1/transforms/5182ccff7851fe93b31c37e551292a88/transformed/material-icons-core-release/AndroidManifest.xml
Merging manifest with lower [androidx.compose.material:material-icons-core-android:1.7.0] AndroidManifest.xml:2:1-7:12
uses-sdk defined in both files...
Merging uses-sdk with lower [androidx.compose.material:material-icons-core-android:1.7.0] AndroidManifest.xml:5:5-44
Merging library manifest /opt/gradle/.gradle/caches/9.3.1/transforms/e1714baf1686d3dbdbe144592320bf99/transformed/ui-release/AndroidManifest.xml
Merging manifest with lower [androidx.compose.ui:ui-android:1.7.7] AndroidManifest.xml:2:1-7:12
uses-sdk defined in both files...
Merging uses-sdk with lower [androidx.compose.ui:ui-android:1.7.7] AndroidManifest.xml:5:5-44
Merging library manifest /opt/gradle/.gradle/caches/9.3.1/transforms/2d53740b9453db295f99d373e22e89c1/transformed/runner-1.5.2/AndroidManifest.xml
Merging manifest with lower [androidx.test:runner:1.5.2] AndroidManifest.xml:17:1-32:12
uses-sdk defined in both files...
Merging uses-sdk with lower [androidx.test:runner:1.5.2] AndroidManifest.xml:20:5-22:41
Adopted [queries: null]
application defined in both files...
Merging application with lower [androidx.test:runner:1.5.2] AndroidManifest.xml:30:5-20
Merging library manifest /opt/gradle/.gradle/caches/9.3.1/transforms/3494cb253097d852f03193946c4ffccf/transformed/room-runtime-release/AndroidManifest.xml
Merging manifest with lower [androidx.room:room-runtime-android:2.7.0] AndroidManifest.xml:17:1-31:12
uses-sdk defined in both files...
Merging uses-sdk with lower [androidx.room:room-runtime-android:2.7.0] AndroidManifest.xml:21:5-44
application defined in both files...
Merging application with lower [androidx.room:room-runtime-android:2.7.0] AndroidManifest.xml:23:5-29:19
Adopted [service: null]
Merging library manifest /opt/gradle/.gradle/caches/9.3.1/transforms/5c84061eca94b4a3e989b750333463fb/transformed/room-ktx-2.7.0/AndroidManifest.xml
Merging manifest with lower [androidx.room:room-ktx:2.7.0] AndroidManifest.xml:17:1-22:12
uses-sdk defined in both files...
Merging uses-sdk with lower [androidx.room:room-ktx:2.7.0] AndroidManifest.xml:20:5-44
Merging library manifest /opt/gradle/.gradle/caches/9.3.1/transforms/18d159f81dce6e9e3a744efe4627b571/transformed/runtime-saveable-release/AndroidManifest.xml
Merging manifest with lower [androidx.compose.runtime:runtime-saveable-android:1.7.7] AndroidManifest.xml:2:1-7:12
uses-sdk defined in both files...
Merging uses-sdk with lower [androidx.compose.runtime:runtime-saveable-android:1.7.7] AndroidManifest.xml:5:5-44
Merging library manifest /opt/gradle/.gradle/caches/9.3.1/transforms/44ba3b2e36948dc2173369c6b5996892/transformed/runtime-release/AndroidManifest.xml
Merging manifest with lower [androidx.compose.runtime:runtime-android:1.7.7] AndroidManifest.xml:2:1-7:12
uses-sdk defined in both files...
Merging uses-sdk with lower [androidx.compose.runtime:runtime-android:1.7.7] AndroidManifest.xml:5:5-44
Merging library manifest /opt/gradle/.gradle/caches/9.3.1/transforms/eef3fa54aafa7067d5c1a61010ec8fcf/transformed/profileinstaller-1.4.0/AndroidManifest.xml
Merging manifest with lower [androidx.profileinstaller:profileinstaller:1.4.0] AndroidManifest.xml:17:1-55:12
uses-sdk defined in both files...
Merging uses-sdk with lower [androidx.profileinstaller:profileinstaller:1.4.0] AndroidManifest.xml:21:5-44
application defined in both files...
Merging application with lower [androidx.profileinstaller:profileinstaller:1.4.0] AndroidManifest.xml:23:5-53:19
provider#androidx.startup.InitializationProvider defined in both files...
Merging provider#androidx.startup.InitializationProvider with lower [androidx.profileinstaller:profileinstaller:1.4.0] AndroidManifest.xml:24:9-32:20
Adopted [meta-data: null]
Adopted [receiver: null]
Merging library manifest /opt/gradle/.gradle/caches/9.3.1/transforms/e704d180220bfa3186232b19fa0530cb/transformed/storage-1.6.0/AndroidManifest.xml
Merging manifest with lower [androidx.test.services:storage:1.6.0] AndroidManifest.xml:17:1-24:12
uses-sdk defined in both files...
Merging uses-sdk with lower [androidx.test.services:storage:1.6.0] AndroidManifest.xml:20:5-22:41
Merging library manifest /opt/gradle/.gradle/caches/9.3.1/transforms/8da78a81c1b7a2057ee1ac8fafd97552/transformed/monitor-1.8.0/AndroidManifest.xml
Merging manifest with lower [androidx.test:monitor:1.8.0] AndroidManifest.xml:17:1-24:12
uses-sdk defined in both files...
Merging uses-sdk with lower [androidx.test:monitor:1.8.0] AndroidManifest.xml:20:5-22:41
Merging library manifest /opt/gradle/.gradle/caches/9.3.1/transforms/7cbbf8aa59b253da97ef7c13c4cffd45/transformed/annotation-1.0.1/AndroidManifest.xml
Merging manifest with lower [androidx.test:annotation:1.0.1] AndroidManifest.xml:17:1-24:12
uses-sdk defined in both files...
Merging uses-sdk with lower [androidx.test:annotation:1.0.1] AndroidManifest.xml:20:5-22:41
Merging library manifest /opt/gradle/.gradle/caches/9.3.1/transforms/b8bf9e319138a21d7d94a8a66a6fff8c/transformed/annotation-experimental-1.4.1/AndroidManifest.xml
Merging manifest with lower [androidx.annotation:annotation-experimental:1.4.1] AndroidManifest.xml:2:1-7:12
uses-sdk defined in both files...
Merging uses-sdk with lower [androidx.annotation:annotation-experimental:1.4.1] AndroidManifest.xml:5:5-44
Merging library manifest /opt/gradle/.gradle/caches/9.3.1/transforms/4f2995b24869c154cb78b474bb3f11e7/transformed/startup-runtime-1.1.1/AndroidManifest.xml
Merging manifest with lower [androidx.startup:startup-runtime:1.1.1] AndroidManifest.xml:17:1-33:12
uses-sdk defined in both files...
Merging uses-sdk with lower [androidx.startup:startup-runtime:1.1.1] AndroidManifest.xml:21:5-23:41
application defined in both files...
Merging application with lower [androidx.startup:startup-runtime:1.1.1] AndroidManifest.xml:25:5-31:19
provider#androidx.startup.InitializationProvider defined in both files...
Merging provider#androidx.startup.InitializationProvider with lower [androidx.startup:startup-runtime:1.1.1] AndroidManifest.xml:26:9-30:34
Merging library manifest /opt/gradle/.gradle/caches/9.3.1/transforms/7e46965789b98d4b5658bc4e6c5ed329/transformed/tracing-1.2.0/AndroidManifest.xml
Merging manifest with lower [androidx.tracing:tracing:1.2.0] AndroidManifest.xml:17:1-22:12
uses-sdk defined in both files...
Merging uses-sdk with lower [androidx.tracing:tracing:1.2.0] AndroidManifest.xml:20:5-44
Merging library manifest /opt/gradle/.gradle/caches/9.3.1/transforms/652ba4742cc7510dfcf42907c39575bf/transformed/tracing-ktx-1.2.0/AndroidManifest.xml
Merging manifest with lower [androidx.tracing:tracing-ktx:1.2.0] AndroidManifest.xml:17:1-22:12
uses-sdk defined in both files...
Merging uses-sdk with lower [androidx.tracing:tracing-ktx:1.2.0] AndroidManifest.xml:20:5-44
Merging library manifest /opt/gradle/.gradle/caches/9.3.1/transforms/cc53af15e99aed3579595f08604e9697/transformed/core-viewtree-1.0.0/AndroidManifest.xml
Merging manifest with lower [androidx.core:core-viewtree:1.0.0] AndroidManifest.xml:2:1-7:12
uses-sdk defined in both files...
Merging uses-sdk with lower [androidx.core:core-viewtree:1.0.0] AndroidManifest.xml:5:5-44
Merging library manifest /opt/gradle/.gradle/caches/9.3.1/transforms/37170f4b5fb6d4fd1a3bfbb47dbf49da/transformed/sqlite-framework-release/AndroidManifest.xml
Merging manifest with lower [androidx.sqlite:sqlite-framework-android:2.5.0] AndroidManifest.xml:17:1-22:12
uses-sdk defined in both files...
Merging uses-sdk with lower [androidx.sqlite:sqlite-framework-android:2.5.0] AndroidManifest.xml:20:5-44
Merging library manifest /opt/gradle/.gradle/caches/9.3.1/transforms/f86ec78f4a07793b1b44a162868a07b4/transformed/sqlite-release/AndroidManifest.xml
Merging manifest with lower [androidx.sqlite:sqlite-android:2.5.0] AndroidManifest.xml:17:1-22:12
uses-sdk defined in both files...
Merging uses-sdk with lower [androidx.sqlite:sqlite-android:2.5.0] AndroidManifest.xml:20:5-44
Merging library manifest /opt/gradle/.gradle/caches/9.3.1/transforms/5ea218a0165ebd99b2f32caf9e8fcbcb/transformed/core-runtime-2.2.0/AndroidManifest.xml
Merging manifest with lower [androidx.arch.core:core-runtime:2.2.0] AndroidManifest.xml:17:1-22:12
uses-sdk defined in both files...
Merging uses-sdk with lower [androidx.arch.core:core-runtime:2.2.0] AndroidManifest.xml:20:5-44
Merging library manifest /opt/gradle/.gradle/caches/9.3.1/transforms/bd23a8797dbcde5de56f0e208f45e208/transformed/featurecombinationquery-1.5.0/AndroidManifest.xml
Merging manifest with lower [androidx.camera.featurecombinationquery:featurecombinationquery:1.5.0] AndroidManifest.xml:2:1-7:12
uses-sdk defined in both files...
Merging uses-sdk with lower [androidx.camera.featurecombinationquery:featurecombinationquery:1.5.0] AndroidManifest.xml:5:5-44
Merging library manifest /opt/gradle/.gradle/caches/9.3.1/transforms/2e58ce9be520c3ea4a310efed8af0471/transformed/exifinterface-1.3.2/AndroidManifest.xml
Merging manifest with lower [androidx.exifinterface:exifinterface:1.3.2] AndroidManifest.xml:17:1-24:12
uses-sdk defined in both files...
Merging uses-sdk with lower [androidx.exifinterface:exifinterface:1.3.2] AndroidManifest.xml:20:5-22:41
Merging library manifest /opt/gradle/.gradle/caches/9.3.1/transforms/d11d11d52d46ce333cfaa4e7b6d6c0e6/transformed/cursoradapter-1.0.0/AndroidManifest.xml
Merging manifest with lower [androidx.cursoradapter:cursoradapter:1.0.0] AndroidManifest.xml:17:1-22:12
uses-sdk defined in both files...
Merging uses-sdk with lower [androidx.cursoradapter:cursoradapter:1.0.0] AndroidManifest.xml:20:5-44
Merging library manifest /opt/gradle/.gradle/caches/9.3.1/transforms/774cab18c4145433ff904b1733b198ce/transformed/interpolator-1.0.0/AndroidManifest.xml
Merging manifest with lower [androidx.interpolator:interpolator:1.0.0] AndroidManifest.xml:17:1-22:12
uses-sdk defined in both files...
Merging uses-sdk with lower [androidx.interpolator:interpolator:1.0.0] AndroidManifest.xml:20:5-44
Merging library manifest /opt/gradle/.gradle/caches/9.3.1/transforms/6482108664d1532f8038cf62137cfd47/transformed/versionedparcelable-1.1.1/AndroidManifest.xml
Merging manifest with lower [androidx.versionedparcelable:versionedparcelable:1.1.1] AndroidManifest.xml:17:1-27:12
uses-sdk defined in both files...
Merging uses-sdk with lower [androidx.versionedparcelable:versionedparcelable:1.1.1] AndroidManifest.xml:20:5-22:41
application defined in both files...
Merging application with lower [androidx.versionedparcelable:versionedparcelable:1.1.1] AndroidManifest.xml:24:5-25:19
Merging library manifest /opt/gradle/.gradle/caches/9.3.1/transforms/4cd95b94c75609b786792de2645bb421/transformed/espresso-idling-resource-3.7.0/AndroidManifest.xml
Merging manifest with lower [androidx.test.espresso:espresso-idling-resource:3.7.0] AndroidManifest.xml:17:1-24:12
uses-sdk defined in both files...
Merging uses-sdk with lower [androidx.test.espresso:espresso-idling-resource:3.7.0] AndroidManifest.xml:20:5-22:41
1<?xml version="1.0" encoding="utf-8"?>
2<manifest xmlns:android="http://schemas.android.com/apk/res/android"
3    package="com.aistudio.rickysalestracker.rkysls" >
4
5    <uses-sdk
5-->/app/applet/app/build/intermediates/tmp/manifest/test/debug/tempFile2ProcessTestManifest17775990009762640424.xml:6:5-8:41
6        android:minSdkVersion="24"
6-->/app/applet/app/build/intermediates/tmp/manifest/test/debug/tempFile2ProcessTestManifest17775990009762640424.xml:7:9-35
7        android:targetSdkVersion="36" />
7-->/app/applet/app/build/intermediates/tmp/manifest/test/debug/tempFile2ProcessTestManifest17775990009762640424.xml:8:9-38
8
9    <uses-permission android:name="android.permission.CAMERA" />
9-->/app/applet/app/build/intermediates/tmp/manifest/test/debug/tempFile2ProcessTestManifest17775990009762640424.xml:10:5-65
9-->/app/applet/app/build/intermediates/tmp/manifest/test/debug/tempFile2ProcessTestManifest17775990009762640424.xml:10:22-62
10
11    <uses-feature
11-->/app/applet/app/build/intermediates/tmp/manifest/test/debug/tempFile2ProcessTestManifest17775990009762640424.xml:12:5-14:36
12        android:name="android.hardware.camera"
12-->/app/applet/app/build/intermediates/tmp/manifest/test/debug/tempFile2ProcessTestManifest17775990009762640424.xml:13:9-47
13        android:required="false" />
13-->/app/applet/app/build/intermediates/tmp/manifest/test/debug/tempFile2ProcessTestManifest17775990009762640424.xml:14:9-33
14
15    <uses-permission android:name="android.permission.INTERNET" />
15-->/app/applet/app/build/intermediates/tmp/manifest/test/debug/tempFile2ProcessTestManifest17775990009762640424.xml:16:5-67
15-->/app/applet/app/build/intermediates/tmp/manifest/test/debug/tempFile2ProcessTestManifest17775990009762640424.xml:16:22-64
16
17    <permission
17-->[androidx.core:core:1.18.0] /opt/gradle/.gradle/caches/9.3.1/transforms/12b48c1a2fdf8613487b268c06ee12a7/transformed/core-1.18.0/AndroidManifest.xml:22:5-24:47
18        android:name="com.aistudio.rickysalestracker.rkysls.DYNAMIC_RECEIVER_NOT_EXPORTED_PERMISSION"
18-->[androidx.core:core:1.18.0] /opt/gradle/.gradle/caches/9.3.1/transforms/12b48c1a2fdf8613487b268c06ee12a7/transformed/core-1.18.0/AndroidManifest.xml:23:9-81
19        android:protectionLevel="signature" />
19-->[androidx.core:core:1.18.0] /opt/gradle/.gradle/caches/9.3.1/transforms/12b48c1a2fdf8613487b268c06ee12a7/transformed/core-1.18.0/AndroidManifest.xml:24:9-44
20
21    <uses-permission android:name="com.aistudio.rickysalestracker.rkysls.DYNAMIC_RECEIVER_NOT_EXPORTED_PERMISSION" />
21-->[androidx.core:core:1.18.0] /opt/gradle/.gradle/caches/9.3.1/transforms/12b48c1a2fdf8613487b268c06ee12a7/transformed/core-1.18.0/AndroidManifest.xml:26:5-97
21-->[androidx.core:core:1.18.0] /opt/gradle/.gradle/caches/9.3.1/transforms/12b48c1a2fdf8613487b268c06ee12a7/transformed/core-1.18.0/AndroidManifest.xml:26:22-94
22    <uses-permission android:name="android.permission.REORDER_TASKS" />
22-->[androidx.test:core:1.7.0] /opt/gradle/.gradle/caches/9.3.1/transforms/a5f1c525e1c0bb32aa72e55e5a4938a3/transformed/core-1.7.0/AndroidManifest.xml:24:5-72
22-->[androidx.test:core:1.7.0] /opt/gradle/.gradle/caches/9.3.1/transforms/a5f1c525e1c0bb32aa72e55e5a4938a3/transformed/core-1.7.0/AndroidManifest.xml:24:22-69
23
24    <queries>
24-->[androidx.test:runner:1.5.2] /opt/gradle/.gradle/caches/9.3.1/transforms/2d53740b9453db295f99d373e22e89c1/transformed/runner-1.5.2/AndroidManifest.xml:24:5-28:15
25        <package android:name="androidx.test.orchestrator" />
25-->[androidx.test:runner:1.5.2] /opt/gradle/.gradle/caches/9.3.1/transforms/2d53740b9453db295f99d373e22e89c1/transformed/runner-1.5.2/AndroidManifest.xml:25:9-62
25-->[androidx.test:runner:1.5.2] /opt/gradle/.gradle/caches/9.3.1/transforms/2d53740b9453db295f99d373e22e89c1/transformed/runner-1.5.2/AndroidManifest.xml:25:18-59
26        <package android:name="androidx.test.services" />
26-->[androidx.test:runner:1.5.2] /opt/gradle/.gradle/caches/9.3.1/transforms/2d53740b9453db295f99d373e22e89c1/transformed/runner-1.5.2/AndroidManifest.xml:26:9-58
26-->[androidx.test:runner:1.5.2] /opt/gradle/.gradle/caches/9.3.1/transforms/2d53740b9453db295f99d373e22e89c1/transformed/runner-1.5.2/AndroidManifest.xml:26:18-55
27        <package android:name="com.google.android.apps.common.testing.services" />
27-->[androidx.test:runner:1.5.2] /opt/gradle/.gradle/caches/9.3.1/transforms/2d53740b9453db295f99d373e22e89c1/transformed/runner-1.5.2/AndroidManifest.xml:27:9-83
27-->[androidx.test:runner:1.5.2] /opt/gradle/.gradle/caches/9.3.1/transforms/2d53740b9453db295f99d373e22e89c1/transformed/runner-1.5.2/AndroidManifest.xml:27:18-80
28    </queries>
29
30    <application
30-->/app/applet/app/build/intermediates/tmp/manifest/test/debug/tempFile2ProcessTestManifest17775990009762640424.xml:18:5-39:19
31        android:name="com.example.MyApplication"
31-->/app/applet/app/build/intermediates/tmp/manifest/test/debug/tempFile2ProcessTestManifest17775990009762640424.xml:19:9-49
32        android:allowBackup="true"
32-->/app/applet/app/build/intermediates/tmp/manifest/test/debug/tempFile2ProcessTestManifest17775990009762640424.xml:20:9-35
33        android:appComponentFactory="androidx.core.app.CoreComponentFactory"
33-->[androidx.core:core:1.18.0] /opt/gradle/.gradle/caches/9.3.1/transforms/12b48c1a2fdf8613487b268c06ee12a7/transformed/core-1.18.0/AndroidManifest.xml:28:18-86
34        android:dataExtractionRules="@xml/data_extraction_rules"
34-->/app/applet/app/build/intermediates/tmp/manifest/test/debug/tempFile2ProcessTestManifest17775990009762640424.xml:21:9-65
35        android:debuggable="true"
36        android:fullBackupContent="@xml/backup_rules"
36-->/app/applet/app/build/intermediates/tmp/manifest/test/debug/tempFile2ProcessTestManifest17775990009762640424.xml:22:9-54
37        android:icon="@mipmap/ic_launcher"
37-->/app/applet/app/build/intermediates/tmp/manifest/test/debug/tempFile2ProcessTestManifest17775990009762640424.xml:23:9-43
38        android:label="@string/app_name"
38-->/app/applet/app/build/intermediates/tmp/manifest/test/debug/tempFile2ProcessTestManifest17775990009762640424.xml:24:9-41
39        android:roundIcon="@mipmap/ic_launcher_round"
39-->/app/applet/app/build/intermediates/tmp/manifest/test/debug/tempFile2ProcessTestManifest17775990009762640424.xml:25:9-54
40        android:supportsRtl="true"
40-->/app/applet/app/build/intermediates/tmp/manifest/test/debug/tempFile2ProcessTestManifest17775990009762640424.xml:26:9-35
41        android:theme="@style/Theme.MyApplication" >
41-->/app/applet/app/build/intermediates/tmp/manifest/test/debug/tempFile2ProcessTestManifest17775990009762640424.xml:27:9-51
42        <activity
42-->/app/applet/app/build/intermediates/tmp/manifest/test/debug/tempFile2ProcessTestManifest17775990009762640424.xml:28:9-38:20
43            android:name="com.example.MainActivity"
43-->/app/applet/app/build/intermediates/tmp/manifest/test/debug/tempFile2ProcessTestManifest17775990009762640424.xml:29:13-52
44            android:exported="true"
44-->/app/applet/app/build/intermediates/tmp/manifest/test/debug/tempFile2ProcessTestManifest17775990009762640424.xml:30:13-36
45            android:label="@string/app_name"
45-->/app/applet/app/build/intermediates/tmp/manifest/test/debug/tempFile2ProcessTestManifest17775990009762640424.xml:31:13-45
46            android:theme="@style/Theme.MyApplication" >
46-->/app/applet/app/build/intermediates/tmp/manifest/test/debug/tempFile2ProcessTestManifest17775990009762640424.xml:32:13-55
47            <intent-filter>
47-->/app/applet/app/build/intermediates/tmp/manifest/test/debug/tempFile2ProcessTestManifest17775990009762640424.xml:33:13-37:29
48                <action android:name="android.intent.action.MAIN" />
48-->/app/applet/app/build/intermediates/tmp/manifest/test/debug/tempFile2ProcessTestManifest17775990009762640424.xml:34:17-69
48-->/app/applet/app/build/intermediates/tmp/manifest/test/debug/tempFile2ProcessTestManifest17775990009762640424.xml:34:25-66
49
50                <category android:name="android.intent.category.LAUNCHER" />
50-->/app/applet/app/build/intermediates/tmp/manifest/test/debug/tempFile2ProcessTestManifest17775990009762640424.xml:36:17-77
50-->/app/applet/app/build/intermediates/tmp/manifest/test/debug/tempFile2ProcessTestManifest17775990009762640424.xml:36:27-74
51            </intent-filter>
52        </activity>
53        <!--
54        Service for holding metadata. Cannot be instantiated.
55        Metadata will be merged from other manifests.
56        -->
57        <service
57-->[androidx.camera:camera-core:1.5.0] /opt/gradle/.gradle/caches/9.3.1/transforms/f2d8ad9b6a9bb49809868ef67dc356e8/transformed/camera-core-1.5.0/AndroidManifest.xml:29:9-33:78
58            android:name="androidx.camera.core.impl.MetadataHolderService"
58-->[androidx.camera:camera-core:1.5.0] /opt/gradle/.gradle/caches/9.3.1/transforms/f2d8ad9b6a9bb49809868ef67dc356e8/transformed/camera-core-1.5.0/AndroidManifest.xml:30:13-75
59            android:enabled="false"
59-->[androidx.camera:camera-core:1.5.0] /opt/gradle/.gradle/caches/9.3.1/transforms/f2d8ad9b6a9bb49809868ef67dc356e8/transformed/camera-core-1.5.0/AndroidManifest.xml:31:13-36
60            android:exported="false" >
60-->[androidx.camera:camera-core:1.5.0] /opt/gradle/.gradle/caches/9.3.1/transforms/f2d8ad9b6a9bb49809868ef67dc356e8/transformed/camera-core-1.5.0/AndroidManifest.xml:32:13-37
61            <meta-data
61-->[androidx.camera:camera-camera2:1.5.0] /opt/gradle/.gradle/caches/9.3.1/transforms/610e4a8919ba788e8fea8d57da8dea78/transformed/camera-camera2-1.5.0/AndroidManifest.xml:30:13-32:89
62                android:name="androidx.camera.core.impl.MetadataHolderService.DEFAULT_CONFIG_PROVIDER"
62-->[androidx.camera:camera-camera2:1.5.0] /opt/gradle/.gradle/caches/9.3.1/transforms/610e4a8919ba788e8fea8d57da8dea78/transformed/camera-camera2-1.5.0/AndroidManifest.xml:31:17-103
63                android:value="androidx.camera.camera2.Camera2Config$DefaultProvider" />
63-->[androidx.camera:camera-camera2:1.5.0] /opt/gradle/.gradle/caches/9.3.1/transforms/610e4a8919ba788e8fea8d57da8dea78/transformed/camera-camera2-1.5.0/AndroidManifest.xml:32:17-86
64        </service>
65
66        <activity
66-->[androidx.compose.ui:ui-tooling-android:1.7.7] /opt/gradle/.gradle/caches/9.3.1/transforms/fefd38412ab81a6d49cbb2d35b8339b4/transformed/ui-tooling-release/AndroidManifest.xml:23:9-25:39
67            android:name="androidx.compose.ui.tooling.PreviewActivity"
67-->[androidx.compose.ui:ui-tooling-android:1.7.7] /opt/gradle/.gradle/caches/9.3.1/transforms/fefd38412ab81a6d49cbb2d35b8339b4/transformed/ui-tooling-release/AndroidManifest.xml:24:13-71
68            android:exported="true" />
68-->[androidx.compose.ui:ui-tooling-android:1.7.7] /opt/gradle/.gradle/caches/9.3.1/transforms/fefd38412ab81a6d49cbb2d35b8339b4/transformed/ui-tooling-release/AndroidManifest.xml:25:13-36
69        <activity
69-->[androidx.compose.ui:ui-test-manifest:1.7.7] /opt/gradle/.gradle/caches/9.3.1/transforms/32dc1296c89c02541b9573a1724c72c3/transformed/ui-test-manifest-1.7.7/AndroidManifest.xml:23:9-25:39
70            android:name="androidx.activity.ComponentActivity"
70-->[androidx.compose.ui:ui-test-manifest:1.7.7] /opt/gradle/.gradle/caches/9.3.1/transforms/32dc1296c89c02541b9573a1724c72c3/transformed/ui-test-manifest-1.7.7/AndroidManifest.xml:24:13-63
71            android:exported="true" />
71-->[androidx.compose.ui:ui-test-manifest:1.7.7] /opt/gradle/.gradle/caches/9.3.1/transforms/32dc1296c89c02541b9573a1724c72c3/transformed/ui-test-manifest-1.7.7/AndroidManifest.xml:25:13-36
72        <activity
72-->[io.github.takahirom.roborazzi:roborazzi:1.59.0] /opt/gradle/.gradle/caches/9.3.1/transforms/a60d8f6baac55874af177ba7e967a3dd/transformed/roborazzi-1.59.0/AndroidManifest.xml:8:9-10:64
73            android:name="com.github.takahirom.roborazzi.RoborazziTransparentActivity"
73-->[io.github.takahirom.roborazzi:roborazzi:1.59.0] /opt/gradle/.gradle/caches/9.3.1/transforms/a60d8f6baac55874af177ba7e967a3dd/transformed/roborazzi-1.59.0/AndroidManifest.xml:9:13-87
74            android:theme="@style/RoborazziTransparentTheme" />
74-->[io.github.takahirom.roborazzi:roborazzi:1.59.0] /opt/gradle/.gradle/caches/9.3.1/transforms/a60d8f6baac55874af177ba7e967a3dd/transformed/roborazzi-1.59.0/AndroidManifest.xml:10:13-61
75        <activity android:name="com.github.takahirom.roborazzi.RoborazziActivity" />
75-->[io.github.takahirom.roborazzi:roborazzi:1.59.0] /opt/gradle/.gradle/caches/9.3.1/transforms/a60d8f6baac55874af177ba7e967a3dd/transformed/roborazzi-1.59.0/AndroidManifest.xml:11:9-85
75-->[io.github.takahirom.roborazzi:roborazzi:1.59.0] /opt/gradle/.gradle/caches/9.3.1/transforms/a60d8f6baac55874af177ba7e967a3dd/transformed/roborazzi-1.59.0/AndroidManifest.xml:11:19-82
76
77        <provider
77-->[androidx.emoji2:emoji2:1.3.0] /opt/gradle/.gradle/caches/9.3.1/transforms/00cc9e2af79e4f7022a6cb18f9b86627/transformed/emoji2-1.3.0/AndroidManifest.xml:24:9-32:20
78            android:name="androidx.startup.InitializationProvider"
78-->[androidx.emoji2:emoji2:1.3.0] /opt/gradle/.gradle/caches/9.3.1/transforms/00cc9e2af79e4f7022a6cb18f9b86627/transformed/emoji2-1.3.0/AndroidManifest.xml:25:13-67
79            android:authorities="com.aistudio.rickysalestracker.rkysls.androidx-startup"
79-->[androidx.emoji2:emoji2:1.3.0] /opt/gradle/.gradle/caches/9.3.1/transforms/00cc9e2af79e4f7022a6cb18f9b86627/transformed/emoji2-1.3.0/AndroidManifest.xml:26:13-68
80            android:exported="false" >
80-->[androidx.emoji2:emoji2:1.3.0] /opt/gradle/.gradle/caches/9.3.1/transforms/00cc9e2af79e4f7022a6cb18f9b86627/transformed/emoji2-1.3.0/AndroidManifest.xml:27:13-37
81            <meta-data
81-->[androidx.emoji2:emoji2:1.3.0] /opt/gradle/.gradle/caches/9.3.1/transforms/00cc9e2af79e4f7022a6cb18f9b86627/transformed/emoji2-1.3.0/AndroidManifest.xml:29:13-31:52
82                android:name="androidx.emoji2.text.EmojiCompatInitializer"
82-->[androidx.emoji2:emoji2:1.3.0] /opt/gradle/.gradle/caches/9.3.1/transforms/00cc9e2af79e4f7022a6cb18f9b86627/transformed/emoji2-1.3.0/AndroidManifest.xml:30:17-75
83                android:value="androidx.startup" />
83-->[androidx.emoji2:emoji2:1.3.0] /opt/gradle/.gradle/caches/9.3.1/transforms/00cc9e2af79e4f7022a6cb18f9b86627/transformed/emoji2-1.3.0/AndroidManifest.xml:31:17-49
84            <meta-data
84-->[androidx.lifecycle:lifecycle-process:2.8.7] /opt/gradle/.gradle/caches/9.3.1/transforms/bc21d770a42e29090497a3da09841e1e/transformed/lifecycle-process-2.8.7/AndroidManifest.xml:29:13-31:52
85                android:name="androidx.lifecycle.ProcessLifecycleInitializer"
85-->[androidx.lifecycle:lifecycle-process:2.8.7] /opt/gradle/.gradle/caches/9.3.1/transforms/bc21d770a42e29090497a3da09841e1e/transformed/lifecycle-process-2.8.7/AndroidManifest.xml:30:17-78
86                android:value="androidx.startup" />
86-->[androidx.lifecycle:lifecycle-process:2.8.7] /opt/gradle/.gradle/caches/9.3.1/transforms/bc21d770a42e29090497a3da09841e1e/transformed/lifecycle-process-2.8.7/AndroidManifest.xml:31:17-49
87            <meta-data
87-->[androidx.profileinstaller:profileinstaller:1.4.0] /opt/gradle/.gradle/caches/9.3.1/transforms/eef3fa54aafa7067d5c1a61010ec8fcf/transformed/profileinstaller-1.4.0/AndroidManifest.xml:29:13-31:52
88                android:name="androidx.profileinstaller.ProfileInstallerInitializer"
88-->[androidx.profileinstaller:profileinstaller:1.4.0] /opt/gradle/.gradle/caches/9.3.1/transforms/eef3fa54aafa7067d5c1a61010ec8fcf/transformed/profileinstaller-1.4.0/AndroidManifest.xml:30:17-85
89                android:value="androidx.startup" />
89-->[androidx.profileinstaller:profileinstaller:1.4.0] /opt/gradle/.gradle/caches/9.3.1/transforms/eef3fa54aafa7067d5c1a61010ec8fcf/transformed/profileinstaller-1.4.0/AndroidManifest.xml:31:17-49
90        </provider>
91
92        <activity
92-->[androidx.test:core:1.7.0] /opt/gradle/.gradle/caches/9.3.1/transforms/a5f1c525e1c0bb32aa72e55e5a4938a3/transformed/core-1.7.0/AndroidManifest.xml:27:9-34:20
93            android:name="androidx.test.core.app.InstrumentationActivityInvoker$BootstrapActivity"
93-->[androidx.test:core:1.7.0] /opt/gradle/.gradle/caches/9.3.1/transforms/a5f1c525e1c0bb32aa72e55e5a4938a3/transformed/core-1.7.0/AndroidManifest.xml:28:13-99
94            android:exported="true"
94-->[androidx.test:core:1.7.0] /opt/gradle/.gradle/caches/9.3.1/transforms/a5f1c525e1c0bb32aa72e55e5a4938a3/transformed/core-1.7.0/AndroidManifest.xml:29:13-36
95            android:theme="@style/WhiteBackgroundTheme" >
95-->[androidx.test:core:1.7.0] /opt/gradle/.gradle/caches/9.3.1/transforms/a5f1c525e1c0bb32aa72e55e5a4938a3/transformed/core-1.7.0/AndroidManifest.xml:30:13-56
96            <intent-filter android:priority="-100" >
96-->[androidx.test:core:1.7.0] /opt/gradle/.gradle/caches/9.3.1/transforms/a5f1c525e1c0bb32aa72e55e5a4938a3/transformed/core-1.7.0/AndroidManifest.xml:31:13-33:29
96-->[androidx.test:core:1.7.0] /opt/gradle/.gradle/caches/9.3.1/transforms/a5f1c525e1c0bb32aa72e55e5a4938a3/transformed/core-1.7.0/AndroidManifest.xml:31:28-51
97                <category android:name="android.intent.category.LAUNCHER" />
97-->/app/applet/app/build/intermediates/tmp/manifest/test/debug/tempFile2ProcessTestManifest17775990009762640424.xml:36:17-77
97-->/app/applet/app/build/intermediates/tmp/manifest/test/debug/tempFile2ProcessTestManifest17775990009762640424.xml:36:27-74
98            </intent-filter>
99        </activity>
100        <activity
100-->[androidx.test:core:1.7.0] /opt/gradle/.gradle/caches/9.3.1/transforms/a5f1c525e1c0bb32aa72e55e5a4938a3/transformed/core-1.7.0/AndroidManifest.xml:35:9-42:20
101            android:name="androidx.test.core.app.InstrumentationActivityInvoker$EmptyActivity"
101-->[androidx.test:core:1.7.0] /opt/gradle/.gradle/caches/9.3.1/transforms/a5f1c525e1c0bb32aa72e55e5a4938a3/transformed/core-1.7.0/AndroidManifest.xml:36:13-95
102            android:exported="true"
102-->[androidx.test:core:1.7.0] /opt/gradle/.gradle/caches/9.3.1/transforms/a5f1c525e1c0bb32aa72e55e5a4938a3/transformed/core-1.7.0/AndroidManifest.xml:37:13-36
103            android:theme="@style/WhiteBackgroundTheme" >
103-->[androidx.test:core:1.7.0] /opt/gradle/.gradle/caches/9.3.1/transforms/a5f1c525e1c0bb32aa72e55e5a4938a3/transformed/core-1.7.0/AndroidManifest.xml:38:13-56
104            <intent-filter android:priority="-100" >
104-->[androidx.test:core:1.7.0] /opt/gradle/.gradle/caches/9.3.1/transforms/a5f1c525e1c0bb32aa72e55e5a4938a3/transformed/core-1.7.0/AndroidManifest.xml:31:13-33:29
104-->[androidx.test:core:1.7.0] /opt/gradle/.gradle/caches/9.3.1/transforms/a5f1c525e1c0bb32aa72e55e5a4938a3/transformed/core-1.7.0/AndroidManifest.xml:31:28-51
105                <category android:name="android.intent.category.LAUNCHER" />
105-->/app/applet/app/build/intermediates/tmp/manifest/test/debug/tempFile2ProcessTestManifest17775990009762640424.xml:36:17-77
105-->/app/applet/app/build/intermediates/tmp/manifest/test/debug/tempFile2ProcessTestManifest17775990009762640424.xml:36:27-74
106            </intent-filter>
107        </activity>
108        <activity
108-->[androidx.test:core:1.7.0] /opt/gradle/.gradle/caches/9.3.1/transforms/a5f1c525e1c0bb32aa72e55e5a4938a3/transformed/core-1.7.0/AndroidManifest.xml:43:9-50:20
109            android:name="androidx.test.core.app.InstrumentationActivityInvoker$EmptyFloatingActivity"
109-->[androidx.test:core:1.7.0] /opt/gradle/.gradle/caches/9.3.1/transforms/a5f1c525e1c0bb32aa72e55e5a4938a3/transformed/core-1.7.0/AndroidManifest.xml:44:13-103
110            android:exported="true"
110-->[androidx.test:core:1.7.0] /opt/gradle/.gradle/caches/9.3.1/transforms/a5f1c525e1c0bb32aa72e55e5a4938a3/transformed/core-1.7.0/AndroidManifest.xml:45:13-36
111            android:theme="@style/WhiteBackgroundDialogTheme" >
111-->[androidx.test:core:1.7.0] /opt/gradle/.gradle/caches/9.3.1/transforms/a5f1c525e1c0bb32aa72e55e5a4938a3/transformed/core-1.7.0/AndroidManifest.xml:46:13-62
112            <intent-filter android:priority="-100" >
112-->[androidx.test:core:1.7.0] /opt/gradle/.gradle/caches/9.3.1/transforms/a5f1c525e1c0bb32aa72e55e5a4938a3/transformed/core-1.7.0/AndroidManifest.xml:31:13-33:29
112-->[androidx.test:core:1.7.0] /opt/gradle/.gradle/caches/9.3.1/transforms/a5f1c525e1c0bb32aa72e55e5a4938a3/transformed/core-1.7.0/AndroidManifest.xml:31:28-51
113                <category android:name="android.intent.category.LAUNCHER" />
113-->/app/applet/app/build/intermediates/tmp/manifest/test/debug/tempFile2ProcessTestManifest17775990009762640424.xml:36:17-77
113-->/app/applet/app/build/intermediates/tmp/manifest/test/debug/tempFile2ProcessTestManifest17775990009762640424.xml:36:27-74
114            </intent-filter>
115        </activity>
116
117        <service
117-->[androidx.room:room-runtime-android:2.7.0] /opt/gradle/.gradle/caches/9.3.1/transforms/3494cb253097d852f03193946c4ffccf/transformed/room-runtime-release/AndroidManifest.xml:24:9-28:63
118            android:name="androidx.room.MultiInstanceInvalidationService"
118-->[androidx.room:room-runtime-android:2.7.0] /opt/gradle/.gradle/caches/9.3.1/transforms/3494cb253097d852f03193946c4ffccf/transformed/room-runtime-release/AndroidManifest.xml:25:13-74
119            android:directBootAware="true"
119-->[androidx.room:room-runtime-android:2.7.0] /opt/gradle/.gradle/caches/9.3.1/transforms/3494cb253097d852f03193946c4ffccf/transformed/room-runtime-release/AndroidManifest.xml:26:13-43
120            android:exported="false" />
120-->[androidx.room:room-runtime-android:2.7.0] /opt/gradle/.gradle/caches/9.3.1/transforms/3494cb253097d852f03193946c4ffccf/transformed/room-runtime-release/AndroidManifest.xml:27:13-37
121
122        <receiver
122-->[androidx.profileinstaller:profileinstaller:1.4.0] /opt/gradle/.gradle/caches/9.3.1/transforms/eef3fa54aafa7067d5c1a61010ec8fcf/transformed/profileinstaller-1.4.0/AndroidManifest.xml:34:9-52:20
123            android:name="androidx.profileinstaller.ProfileInstallReceiver"
123-->[androidx.profileinstaller:profileinstaller:1.4.0] /opt/gradle/.gradle/caches/9.3.1/transforms/eef3fa54aafa7067d5c1a61010ec8fcf/transformed/profileinstaller-1.4.0/AndroidManifest.xml:35:13-76
124            android:directBootAware="false"
124-->[androidx.profileinstaller:profileinstaller:1.4.0] /opt/gradle/.gradle/caches/9.3.1/transforms/eef3fa54aafa7067d5c1a61010ec8fcf/transformed/profileinstaller-1.4.0/AndroidManifest.xml:36:13-44
125            android:enabled="true"
125-->[androidx.profileinstaller:profileinstaller:1.4.0] /opt/gradle/.gradle/caches/9.3.1/transforms/eef3fa54aafa7067d5c1a61010ec8fcf/transformed/profileinstaller-1.4.0/AndroidManifest.xml:37:13-35
126            android:exported="true"
126-->[androidx.profileinstaller:profileinstaller:1.4.0] /opt/gradle/.gradle/caches/9.3.1/transforms/eef3fa54aafa7067d5c1a61010ec8fcf/transformed/profileinstaller-1.4.0/AndroidManifest.xml:38:13-36
127            android:permission="android.permission.DUMP" >
127-->[androidx.profileinstaller:profileinstaller:1.4.0] /opt/gradle/.gradle/caches/9.3.1/transforms/eef3fa54aafa7067d5c1a61010ec8fcf/transformed/profileinstaller-1.4.0/AndroidManifest.xml:39:13-57
128            <intent-filter>
128-->[androidx.profileinstaller:profileinstaller:1.4.0] /opt/gradle/.gradle/caches/9.3.1/transforms/eef3fa54aafa7067d5c1a61010ec8fcf/transformed/profileinstaller-1.4.0/AndroidManifest.xml:40:13-42:29
129                <action android:name="androidx.profileinstaller.action.INSTALL_PROFILE" />
129-->[androidx.profileinstaller:profileinstaller:1.4.0] /opt/gradle/.gradle/caches/9.3.1/transforms/eef3fa54aafa7067d5c1a61010ec8fcf/transformed/profileinstaller-1.4.0/AndroidManifest.xml:41:17-91
129-->[androidx.profileinstaller:profileinstaller:1.4.0] /opt/gradle/.gradle/caches/9.3.1/transforms/eef3fa54aafa7067d5c1a61010ec8fcf/transformed/profileinstaller-1.4.0/AndroidManifest.xml:41:25-88
130            </intent-filter>
131            <intent-filter>
131-->[androidx.profileinstaller:profileinstaller:1.4.0] /opt/gradle/.gradle/caches/9.3.1/transforms/eef3fa54aafa7067d5c1a61010ec8fcf/transformed/profileinstaller-1.4.0/AndroidManifest.xml:43:13-45:29
132                <action android:name="androidx.profileinstaller.action.SKIP_FILE" />
132-->[androidx.profileinstaller:profileinstaller:1.4.0] /opt/gradle/.gradle/caches/9.3.1/transforms/eef3fa54aafa7067d5c1a61010ec8fcf/transformed/profileinstaller-1.4.0/AndroidManifest.xml:44:17-85
132-->[androidx.profileinstaller:profileinstaller:1.4.0] /opt/gradle/.gradle/caches/9.3.1/transforms/eef3fa54aafa7067d5c1a61010ec8fcf/transformed/profileinstaller-1.4.0/AndroidManifest.xml:44:25-82
133            </intent-filter>
134            <intent-filter>
134-->[androidx.profileinstaller:profileinstaller:1.4.0] /opt/gradle/.gradle/caches/9.3.1/transforms/eef3fa54aafa7067d5c1a61010ec8fcf/transformed/profileinstaller-1.4.0/AndroidManifest.xml:46:13-48:29
135                <action android:name="androidx.profileinstaller.action.SAVE_PROFILE" />
135-->[androidx.profileinstaller:profileinstaller:1.4.0] /opt/gradle/.gradle/caches/9.3.1/transforms/eef3fa54aafa7067d5c1a61010ec8fcf/transformed/profileinstaller-1.4.0/AndroidManifest.xml:47:17-88
135-->[androidx.profileinstaller:profileinstaller:1.4.0] /opt/gradle/.gradle/caches/9.3.1/transforms/eef3fa54aafa7067d5c1a61010ec8fcf/transformed/profileinstaller-1.4.0/AndroidManifest.xml:47:25-85
136            </intent-filter>
137            <intent-filter>
137-->[androidx.profileinstaller:profileinstaller:1.4.0] /opt/gradle/.gradle/caches/9.3.1/transforms/eef3fa54aafa7067d5c1a61010ec8fcf/transformed/profileinstaller-1.4.0/AndroidManifest.xml:49:13-51:29
138                <action android:name="androidx.profileinstaller.action.BENCHMARK_OPERATION" />
138-->[androidx.profileinstaller:profileinstaller:1.4.0] /opt/gradle/.gradle/caches/9.3.1/transforms/eef3fa54aafa7067d5c1a61010ec8fcf/transformed/profileinstaller-1.4.0/AndroidManifest.xml:50:17-95
138-->[androidx.profileinstaller:profileinstaller:1.4.0] /opt/gradle/.gradle/caches/9.3.1/transforms/eef3fa54aafa7067d5c1a61010ec8fcf/transformed/profileinstaller-1.4.0/AndroidManifest.xml:50:25-92
139            </intent-filter>
140        </receiver>
141    </application>
142
143</manifest>

Merged manifest saved to /app/applet/app/build/intermediates/packaged_manifests/debugUnitTest/processDebugUnitTestManifest/AndroidManifest.xml
Resolve mutations for :app:generateDebugUnitTestConfig (Thread[#1243,Execution worker Thread 3,5,main]) started.
:app:generateDebugUnitTestConfig (Thread[#1243,Execution worker Thread 3,5,main]) started.

> Task :app:generateDebugUnitTestConfig
Caching disabled for task ':app:generateDebugUnitTestConfig' because:
  Caching has been disabled for the task
Task ':app:generateDebugUnitTestConfig' is not up-to-date because:
  Output property 'outputDirectory' file /app/applet/app/build/intermediates/unit_test_config_directory/debugUnitTest/generateDebugUnitTestConfig/out has been removed.
  Output property 'outputDirectory' file /app/applet/app/build/intermediates/unit_test_config_directory/debugUnitTest/generateDebugUnitTestConfig/out/com has been removed.
  Output property 'outputDirectory' file /app/applet/app/build/intermediates/unit_test_config_directory/debugUnitTest/generateDebugUnitTestConfig/out/com/android has been removed.
  and more...

> Task :app:kspDebugKotlin
Build cache key for task ':app:kspDebugKotlin' is 4b61faba348e58542dea457d9c9232b3
Task ':app:kspDebugKotlin' is not up-to-date because:
  Input property 'kspConfig.javaSourceRoots' file /app/applet/app/build/generated/source/buildConfig/debug/com/example/BuildConfig.java has changed.
Stored cache entry for task ':app:kspDebugKotlin' with cache key 4b61faba348e58542dea457d9c9232b3
Resolve mutations for :app:compileDebugKotlin (Thread[#1242,Execution worker Thread 2,5,main]) started.
:app:compileDebugKotlin (Thread[#1242,Execution worker Thread 2,5,main]) started.

> Task :app:compileDebugKotlin
file or directory '/app/applet/app/src/main/kotlin', not found
file or directory '/app/applet/app/src/debug/java', not found
file or directory '/app/applet/app/src/debug/kotlin', not found
file or directory '/app/applet/app/src/debug/java', not found
file or directory '/app/applet/app/src/main/kotlin', not found
file or directory '/app/applet/app/src/debug/java', not found
file or directory '/app/applet/app/src/debug/kotlin', not found
file or directory '/app/applet/app/src/debug/java', not found
file or directory '/app/applet/app/src/main/kotlin', not found
file or directory '/app/applet/app/src/debug/java', not found
file or directory '/app/applet/app/src/debug/kotlin', not found
file or directory '/app/applet/app/src/debug/java', not found
Build cache key for task ':app:compileDebugKotlin' is e5b31158751ef19e442182ecf83a7b5f
Task ':app:compileDebugKotlin' is not up-to-date because:
  Input property 'javaSources' file /app/applet/app/build/generated/source/buildConfig/debug/com/example/BuildConfig.java has changed.
file or directory '/app/applet/app/src/main/kotlin', not found
file or directory '/app/applet/app/src/main/kotlin', not found
file or directory '/app/applet/app/src/debug/java', not found
file or directory '/app/applet/app/src/debug/java', not found
file or directory '/app/applet/app/src/debug/kotlin', not found
file or directory '/app/applet/app/src/debug/kotlin', not found
file or directory '/app/applet/app/src/debug/java', not found
file or directory '/app/applet/app/src/debug/java', not found
file or directory '/app/applet/app/build/generated/ksp/debug/java', not found
file or directory '/app/applet/app/src/main/kotlin', not found
file or directory '/app/applet/app/src/main/kotlin', not found
file or directory '/app/applet/app/src/debug/java', not found
file or directory '/app/applet/app/src/debug/java', not found
file or directory '/app/applet/app/src/debug/kotlin', not found
file or directory '/app/applet/app/src/debug/kotlin', not found
file or directory '/app/applet/app/src/debug/java', not found
file or directory '/app/applet/app/src/debug/java', not found
file or directory '/app/applet/app/build/generated/ksp/debug/java', not found
file or directory '/app/applet/app/src/main/kotlin', not found
file or directory '/app/applet/app/src/main/kotlin', not found
file or directory '/app/applet/app/src/debug/java', not found
file or directory '/app/applet/app/src/debug/java', not found
file or directory '/app/applet/app/src/debug/kotlin', not found
file or directory '/app/applet/app/src/debug/kotlin', not found
file or directory '/app/applet/app/src/debug/java', not found
file or directory '/app/applet/app/src/debug/java', not found
file or directory '/app/applet/app/build/generated/ksp/debug/java', not found
file or directory '/app/applet/app/src/main/kotlin', not found
file or directory '/app/applet/app/src/main/kotlin', not found
file or directory '/app/applet/app/src/debug/java', not found
file or directory '/app/applet/app/src/debug/java', not found
file or directory '/app/applet/app/src/debug/kotlin', not found
file or directory '/app/applet/app/src/debug/kotlin', not found
file or directory '/app/applet/app/src/debug/java', not found
file or directory '/app/applet/app/src/debug/java', not found
file or directory '/app/applet/app/build/generated/ksp/debug/java', not found
Kotlin source files: /app/applet/app/src/main/java/com/example/data/local/entity/GoalEntity.kt, /app/applet/app/src/main/java/com/example/data/local/entity/ColleagueEntity.kt, /app/applet/app/src/main/java/com/example/data/local/entity/ActivityEntity.kt, /app/applet/app/src/main/java/com/example/data/local/entity/ProductEntity.kt, /app/applet/app/src/main/java/com/example/data/local/AppDatabase.kt, /app/applet/app/src/main/java/com/example/data/local/dao/AppDao.kt, /app/applet/app/src/main/java/com/example/data/repository/AppRepository.kt, /app/applet/app/src/main/java/com/example/ui/screens/journal/JournalScreen.kt, /app/applet/app/src/main/java/com/example/ui/screens/export/ExportScreen.kt, /app/applet/app/src/main/java/com/example/ui/screens/home/HomeScreen.kt, /app/applet/app/src/main/java/com/example/ui/screens/masterdata/ManageColleaguesScreen.kt, /app/applet/app/src/main/java/com/example/ui/screens/masterdata/ManageProductsScreen.kt, /app/applet/app/src/main/java/com/example/ui/screens/masterdata/ManageGoalsScreen.kt, /app/applet/app/src/main/java/com/example/ui/screens/log/LogActivityScreen.kt, /app/applet/app/src/main/java/com/example/ui/screens/log/LogBottomSheet.kt, /app/applet/app/src/main/java/com/example/ui/screens/PlaceholderScreen.kt, /app/applet/app/src/main/java/com/example/ui/screens/ProfileScreen.kt, /app/applet/app/src/main/java/com/example/ui/screens/coach/CoachScreen.kt, /app/applet/app/src/main/java/com/example/ui/screens/analytics/AnalyticsScreen.kt, /app/applet/app/src/main/java/com/example/ui/theme/Theme.kt, /app/applet/app/src/main/java/com/example/ui/theme/Color.kt, /app/applet/app/src/main/java/com/example/ui/theme/Type.kt, /app/applet/app/src/main/java/com/example/ui/components/EmptyStateView.kt, /app/applet/app/src/main/java/com/example/ui/components/Glassmorphism.kt, /app/applet/app/src/main/java/com/example/ui/components/AdaptiveBlur.kt, /app/applet/app/src/main/java/com/example/ui/components/BottomNavBar.kt, /app/applet/app/src/main/java/com/example/ui/components/CollapsibleBentoHeader.kt, /app/applet/app/src/main/java/com/example/ui/navigation/Screens.kt, /app/applet/app/src/main/java/com/example/ui/viewmodels/MainViewModel.kt, /app/applet/app/src/main/java/com/example/MyApplication.kt, /app/applet/app/src/main/java/com/example/logic/ScanBrochureUseCase.kt, /app/applet/app/src/main/java/com/example/logic/OpenRouterClient.kt, /app/applet/app/src/main/java/com/example/logic/AiCoachUseCase.kt, /app/applet/app/src/main/java/com/example/logic/ProductScanResult.kt, /app/applet/app/src/main/java/com/example/MainActivity.kt, /app/applet/app/build/generated/ksp/debug/kotlin/com/example/data/local/dao/AppDao_Impl.kt, /app/applet/app/build/generated/ksp/debug/kotlin/com/example/data/local/AppDatabase_Impl.kt
Java source files: /app/applet/app/build/generated/source/buildConfig/debug/com/example/BuildConfig.java
Script source files: 
Script file extensions: 
Using Kotlin/JVM incremental compilation
[KOTLIN] Kotlin compilation 'jdkHome' argument: /usr/lib/jvm/temurin-21-jdk-amd64
Finished executing kotlin compiler using IN_PROCESS strategy
w: file:///app/applet/app/src/main/java/com/example/MyApplication.kt:18:11 'fun fallbackToDestructiveMigration(): RoomDatabase.Builder<AppDatabase>' is deprecated. Replace by overloaded version with parameter to indicate if all tables should be dropped or not.
w: file:///app/applet/app/src/main/java/com/example/ui/components/BottomNavBar.kt:70:13 'fun quadraticBezierTo(x1: Float, y1: Float, x2: Float, y2: Float): Unit' is deprecated. Use quadraticTo() for consistency with cubicTo().
w: file:///app/applet/app/src/main/java/com/example/ui/components/BottomNavBar.kt:85:13 'fun quadraticBezierTo(x1: Float, y1: Float, x2: Float, y2: Float): Unit' is deprecated. Use quadraticTo() for consistency with cubicTo().
w: file:///app/applet/app/src/main/java/com/example/ui/components/BottomNavBar.kt:87:13 'fun quadraticBezierTo(x1: Float, y1: Float, x2: Float, y2: Float): Unit' is deprecated. Use quadraticTo() for consistency with cubicTo().
w: file:///app/applet/app/src/main/java/com/example/ui/components/BottomNavBar.kt:89:13 'fun quadraticBezierTo(x1: Float, y1: Float, x2: Float, y2: Float): Unit' is deprecated. Use quadraticTo() for consistency with cubicTo().
w: file:///app/applet/app/src/main/java/com/example/ui/screens/analytics/AnalyticsScreen.kt:201:54 'constructor(p0: String!, p1: String!): Locale' is deprecated. Deprecated in Java.
w: file:///app/applet/app/src/main/java/com/example/ui/screens/analytics/AnalyticsScreen.kt:340:54 'constructor(p0: String!, p1: String!): Locale' is deprecated. Deprecated in Java.
w: file:///app/applet/app/src/main/java/com/example/ui/screens/analytics/AnalyticsScreen.kt:353:41 'val Icons.Outlined.TrendingUp: ImageVector' is deprecated. Use the AutoMirrored version at Icons.AutoMirrored.Outlined.TrendingUp.
w: file:///app/applet/app/src/main/java/com/example/ui/screens/analytics/AnalyticsScreen.kt:410:54 'constructor(p0: String!, p1: String!): Locale' is deprecated. Deprecated in Java.
w: file:///app/applet/app/src/main/java/com/example/ui/screens/analytics/AnalyticsScreen.kt:497:54 'constructor(p0: String!, p1: String!): Locale' is deprecated. Deprecated in Java.
w: file:///app/applet/app/src/main/java/com/example/ui/screens/analytics/AnalyticsScreen.kt:545:54 'constructor(p0: String!, p1: String!): Locale' is deprecated. Deprecated in Java.
w: file:///app/applet/app/src/main/java/com/example/ui/screens/coach/CoachScreen.kt:227:63 'val Icons.Outlined.Chat: ImageVector' is deprecated. Use the AutoMirrored version at Icons.AutoMirrored.Outlined.Chat.
w: file:///app/applet/app/src/main/java/com/example/ui/screens/export/ExportScreen.kt:372:35 'val Icons.Outlined.List: ImageVector' is deprecated. Use the AutoMirrored version at Icons.AutoMirrored.Outlined.List.
w: file:///app/applet/app/src/main/java/com/example/ui/screens/home/HomeScreen.kt:306:70 'constructor(p0: String!, p1: String!): Locale' is deprecated. Deprecated in Java.
w: file:///app/applet/app/src/main/java/com/example/ui/screens/home/HomeScreen.kt:402:54 'constructor(p0: String!, p1: String!): Locale' is deprecated. Deprecated in Java.
w: file:///app/applet/app/src/main/java/com/example/ui/screens/home/HomeScreen.kt:447:55 'val Icons.Outlined.ReceiptLong: ImageVector' is deprecated. Use the AutoMirrored version at Icons.AutoMirrored.Outlined.ReceiptLong.
w: file:///app/applet/app/src/main/java/com/example/ui/screens/home/HomeScreen.kt:474:54 'constructor(p0: String!, p1: String!): Locale' is deprecated. Deprecated in Java.
w: file:///app/applet/app/src/main/java/com/example/ui/screens/home/HomeScreen.kt:519:54 'constructor(p0: String!, p1: String!): Locale' is deprecated. Deprecated in Java.
w: file:///app/applet/app/src/main/java/com/example/ui/screens/journal/JournalScreen.kt:142:116 'constructor(p0: String!, p1: String!): Locale' is deprecated. Deprecated in Java.
w: file:///app/applet/app/src/main/java/com/example/ui/screens/log/LogActivityScreen.kt:303:56 'fun Modifier.menuAnchor(): Modifier' is deprecated. Use overload that takes MenuAnchorType and enabled parameters.
w: file:///app/applet/app/src/main/java/com/example/ui/screens/log/LogActivityScreen.kt:325:56 'fun Modifier.menuAnchor(): Modifier' is deprecated. Use overload that takes MenuAnchorType and enabled parameters.
w: file:///app/applet/app/src/main/java/com/example/ui/screens/log/LogActivityScreen.kt:365:51 'val Icons.Outlined.HelpOutline: ImageVector' is deprecated. Use the AutoMirrored version at Icons.AutoMirrored.Outlined.HelpOutline.
w: file:///app/applet/app/src/main/java/com/example/ui/screens/log/LogActivityScreen.kt:368:44 'val Icons.Outlined.Notes: ImageVector' is deprecated. Use the AutoMirrored version at Icons.AutoMirrored.Outlined.Notes.
w: file:///app/applet/app/src/main/java/com/example/ui/screens/log/LogActivityScreen.kt:412:254 'fun Modifier.menuAnchor(): Modifier' is deprecated. Use overload that takes MenuAnchorType and enabled parameters.
w: file:///app/applet/app/src/main/java/com/example/ui/screens/log/LogActivityScreen.kt:431:156 'fun Modifier.menuAnchor(): Modifier' is deprecated. Use overload that takes MenuAnchorType and enabled parameters.
w: file:///app/applet/app/src/main/java/com/example/ui/screens/log/LogBottomSheet.kt:76:56 'val Icons.Outlined.HelpOutline: ImageVector' is deprecated. Use the AutoMirrored version at Icons.AutoMirrored.Outlined.HelpOutline.
w: file:///app/applet/app/src/main/java/com/example/ui/screens/log/LogBottomSheet.kt:137:60 'fun Modifier.menuAnchor(): Modifier' is deprecated. Use overload that takes MenuAnchorType and enabled parameters.
w: file:///app/applet/app/src/main/java/com/example/ui/screens/log/LogBottomSheet.kt:168:60 'fun Modifier.menuAnchor(): Modifier' is deprecated. Use overload that takes MenuAnchorType and enabled parameters.
w: file:///app/applet/app/src/main/java/com/example/ui/screens/masterdata/ManageColleaguesScreen.kt:205:56 'fun Modifier.menuAnchor(): Modifier' is deprecated. Use overload that takes MenuAnchorType and enabled parameters.
w: file:///app/applet/app/src/main/java/com/example/ui/screens/masterdata/ManageGoalsScreen.kt:113:94 'constructor(p0: String!, p1: String!): Locale' is deprecated. Deprecated in Java.
w: file:///app/applet/app/src/main/java/com/example/ui/viewmodels/MainViewModel.kt:44:104 'constructor(p0: String!, p1: String!): Locale' is deprecated. Deprecated in Java.
Stored cache entry for task ':app:compileDebugKotlin' with cache key e5b31158751ef19e442182ecf83a7b5f
Resolve mutations for :app:compileDebugJavaWithJavac (Thread[#1242,Execution worker Thread 2,5,main]) started.
Resolve mutations for :app:processDebugJavaRes (Thread[#1243,Execution worker Thread 3,5,main]) started.
:app:compileDebugJavaWithJavac (Thread[#1243,Execution worker Thread 3,5,main]) started.
:app:processDebugJavaRes (Thread[#1240,included builds,5,main]) started.

> Task :app:processDebugJavaRes UP-TO-DATE
file or directory '/app/applet/app/src/main/resources', not found
file or directory '/app/applet/app/src/debug/resources', not found
Caching disabled for task ':app:processDebugJavaRes' because:
  Caching has been disabled for the task
Skipping task ':app:processDebugJavaRes' as it is up-to-date.
work action resolve out (project :app) (Thread[#1240,included builds,5,main]) started.

> Task :app:compileDebugJavaWithJavac
Build cache key for task ':app:compileDebugJavaWithJavac' is 63e69738343557ab3122fee12097fda7
Task ':app:compileDebugJavaWithJavac' is not up-to-date because:
  Input property 'stableSources' file /app/applet/app/build/generated/source/buildConfig/debug/com/example/BuildConfig.java has changed.
Compilation mode: in-process compilation
Created classpath snapshot for incremental compilation in 0.05 secs.
file or directory '/app/applet/app/src/debug/java', not found
file or directory '/app/applet/app/build/generated/ksp/debug/java', not found
file or directory '/app/applet/app/build/generated/ksp/debug/java', not found
Compiling with toolchain '/usr/lib/jvm/temurin-21-jdk-amd64'.
file or directory '/app/applet/app/src/debug/java', not found
file or directory '/app/applet/app/build/generated/ksp/debug/java', not found
file or directory '/app/applet/app/build/generated/ksp/debug/java', not found
Compiling with JDK Java compiler API.
Incremental compilation of 1 classes completed in 0.373 secs.
Class dependency analysis for incremental compilation took 0.0 secs.
Stored cache entry for task ':app:compileDebugJavaWithJavac' with cache key 63e69738343557ab3122fee12097fda7
Resolve mutations for :app:bundleDebugClassesToRuntimeJar (Thread[#1243,Execution worker Thread 3,5,main]) started.
Resolve mutations for :app:bundleDebugClassesToCompileJar (Thread[#1240,included builds,5,main]) started.
:app:bundleDebugClassesToRuntimeJar (Thread[#1243,Execution worker Thread 3,5,main]) started.
:app:bundleDebugClassesToCompileJar (Thread[#1240,included builds,5,main]) started.

> Task :app:bundleDebugClassesToRuntimeJar
Caching disabled for task ':app:bundleDebugClassesToRuntimeJar' because:
  Caching has been disabled for the task
Task ':app:bundleDebugClassesToRuntimeJar' is not up-to-date because:
  Output property 'outputJar' file /app/applet/app/build/intermediates/runtime_app_classes_jar/debug/bundleDebugClassesToRuntimeJar/classes.jar has been removed.
work action resolve classes.jar (project :app) (Thread[#1243,Execution worker Thread 3,5,main]) started.

> Task :app:bundleDebugClassesToCompileJar
Caching disabled for task ':app:bundleDebugClassesToCompileJar' because:
  Caching has been disabled for the task
Task ':app:bundleDebugClassesToCompileJar' is not up-to-date because:
  Output property 'outputJar' file /app/applet/app/build/intermediates/compile_app_classes_jar/debug/bundleDebugClassesToCompileJar/classes.jar has been removed.
file or directory '/app/applet/app/build/generated/ksp/debug/resources', not found
file or directory '/app/applet/app/build/generated/ksp/debug/classes', not found
work action resolve classes.jar (project :app) (Thread[#1240,included builds,5,main]) started.
Resolve mutations for :app:kspDebugUnitTestKotlin (Thread[#1240,included builds,5,main]) started.
:app:kspDebugUnitTestKotlin (Thread[#1240,included builds,5,main]) started.

> Task :app:kspDebugUnitTestKotlin
Build cache key for StructureTransformAction: /app/applet/app/build/intermediates/compile_app_classes_jar/debug/bundleDebugClassesToCompileJar/classes.jar is f8d1b9de7540e457df2f51987a3f489f
Stored cache entry for StructureTransformAction: /app/applet/app/build/intermediates/compile_app_classes_jar/debug/bundleDebugClassesToCompileJar/classes.jar with cache key f8d1b9de7540e457df2f51987a3f489f
Build cache key for task ':app:kspDebugUnitTestKotlin' is a4201168423250af9554dac0f414c9a1
Task ':app:kspDebugUnitTestKotlin' is not up-to-date because:
  Input property 'kspConfig.classpathStructure' file /opt/gradle/.gradle/caches/9.3.1/transforms/a03e5609391637128587da0002593300/transformed/output.bin has been added.
  Input property 'kspConfig.classpathStructure' file /opt/gradle/.gradle/caches/9.3.1/transforms/3c54375ecadcb7f05d9eaf145a9ebed6/transformed/output.bin has been removed.
Stored cache entry for task ':app:kspDebugUnitTestKotlin' with cache key a4201168423250af9554dac0f414c9a1
Resolve mutations for :app:compileDebugUnitTestKotlin (Thread[#1240,included builds,5,main]) started.
:app:compileDebugUnitTestKotlin (Thread[#1240,included builds,5,main]) started.

> Task :app:compileDebugUnitTestKotlin FROM-CACHE
file or directory '/app/applet/app/src/test/kotlin', not found
file or directory '/app/applet/app/src/testDebug/java', not found
file or directory '/app/applet/app/src/testDebug/kotlin', not found
file or directory '/app/applet/app/src/testDebug/java', not found
file or directory '/app/applet/app/src/test/kotlin', not found
file or directory '/app/applet/app/src/testDebug/java', not found
file or directory '/app/applet/app/src/testDebug/kotlin', not found
file or directory '/app/applet/app/src/testDebug/java', not found
Build cache key for BuildToolsApiClasspathEntrySnapshotTransform: /app/applet/app/build/intermediates/compile_app_classes_jar/debug/bundleDebugClassesToCompileJar/classes.jar is 9136422868a40abdab8507cd848a72f0
Stored cache entry for BuildToolsApiClasspathEntrySnapshotTransform: /app/applet/app/build/intermediates/compile_app_classes_jar/debug/bundleDebugClassesToCompileJar/classes.jar with cache key 9136422868a40abdab8507cd848a72f0
file or directory '/app/applet/app/src/test/kotlin', not found
file or directory '/app/applet/app/src/testDebug/java', not found
file or directory '/app/applet/app/src/testDebug/kotlin', not found
file or directory '/app/applet/app/src/testDebug/java', not found
Build cache key for task ':app:compileDebugUnitTestKotlin' is f0fa2b1e685bd4c3ce76eb796a4fbf2a
Task ':app:compileDebugUnitTestKotlin' is not up-to-date because:
  Output property 'classpathSnapshotProperties.classpathSnapshotDir' file /app/applet/app/build/kotlin/compileDebugUnitTestKotlin/classpath-snapshot has been removed.
  Output property 'destinationDirectory' file /app/applet/app/build/intermediates/built_in_kotlinc/debugUnitTest/compileDebugUnitTestKotlin/classes has been removed.
  Output property 'destinationDirectory' file /app/applet/app/build/intermediates/built_in_kotlinc/debugUnitTest/compileDebugUnitTestKotlin/classes/com has been removed.
  and more...
Loaded cache entry for task ':app:compileDebugUnitTestKotlin' with cache key f0fa2b1e685bd4c3ce76eb796a4fbf2a
Resolve mutations for :app:compileDebugUnitTestJavaWithJavac (Thread[#1240,included builds,5,main]) started.
Resolve mutations for :app:processDebugUnitTestJavaRes (Thread[#1243,Execution worker Thread 3,5,main]) started.
:app:processDebugUnitTestJavaRes (Thread[#1243,Execution worker Thread 3,5,main]) started.
:app:compileDebugUnitTestJavaWithJavac (Thread[#1240,included builds,5,main]) started.

> Task :app:compileDebugUnitTestJavaWithJavac NO-SOURCE
Skipping task ':app:compileDebugUnitTestJavaWithJavac' as it has no source files and no previous output files.

> Task :app:processDebugUnitTestJavaRes
file or directory '/app/applet/app/src/test/resources', not found
file or directory '/app/applet/app/src/testDebug/resources', not found
Caching disabled for task ':app:processDebugUnitTestJavaRes' because:
  Caching has been disabled for the task
Task ':app:processDebugUnitTestJavaRes' is not up-to-date because:
  Output property 'destinationDir' file /app/applet/app/build/intermediates/java_res/debugUnitTest/processDebugUnitTestJavaRes/out has been removed.
  Output property 'destinationDir' file /app/applet/app/build/intermediates/java_res/debugUnitTest/processDebugUnitTestJavaRes/out/com has been removed.
  Output property 'destinationDir' file /app/applet/app/build/intermediates/java_res/debugUnitTest/processDebugUnitTestJavaRes/out/com/example has been removed.
  and more...
file or directory '/app/applet/app/src/test/resources', not found
file or directory '/app/applet/app/src/testDebug/resources', not found
file or directory '/app/applet/app/src/test/resources', not found
file or directory '/app/applet/app/src/testDebug/resources', not found
file or directory '/app/applet/app/build/generated/ksp/debugUnitTest/resources', not found
Resolve mutations for :app:testDebugUnitTest (Thread[#1243,Execution worker Thread 3,5,main]) started.
:app:testDebugUnitTest (Thread[#1243,Execution worker Thread 3,5,main]) started.
Gradle Test Executor 2 started executing tests.

> Task :app:testDebugUnitTest
Build cache key for task ':app:testDebugUnitTest' is ca50af4224ca07f0b2f98c41a8521383
Task ':app:testDebugUnitTest' is not up-to-date because:
  Output property '$2' file /app/applet/app/build/intermediates/roborazzi has been removed.
  Output property '$3' file /app/applet/app/build/test-results/roborazzi/debug/results has been removed.
  Output property 'binaryResultsDirectory' file /app/applet/app/build/test-results/testDebugUnitTest/binary has been removed.
  and more...
file or directory '/app/applet/app/build/generated/ksp/debugUnitTest/resources', not found
file or directory '/app/applet/app/build/generated/ksp/debugUnitTest/classes', not found
file or directory '/app/applet/app/build/intermediates/javac/debugUnitTest/compileDebugUnitTestJavaWithJavac/classes', not found
Starting process 'Gradle Test Executor 2'. Working directory: /app/applet/app Command: /usr/lib/jvm/temurin-21-jdk-amd64/bin/java -Djava.awt.headless=true -Djava.library.path=/usr/java/packages/lib:/usr/lib64:/lib64:/lib:/usr/lib:/app/applet/app/src/testDebug/jniLibs:/app/applet/app/src/test/jniLibs -Dorg.gradle.internal.worker.tmpdir=/app/applet/app/build/tmp/testDebugUnitTest/work --add-opens=java.base/java.io=ALL-UNNAMED @/opt/gradle/.gradle/.tmp/gradle-worker-classpath2563312289500770912txt -Xmx512m -Dfile.encoding=UTF-8 -Duser.country=US -Duser.language=en -Duser.variant -ea worker.org.gradle.process.internal.worker.GradleWorkerMain 'Gradle Test Executor 2'
Successfully started process 'Gradle Test Executor 2'

Gradle Test Executor 2 finished executing tests.

> Task :app:testDebugUnitTest
Generating HTML test report...
Finished generating test html results (0.007 secs) into: /app/applet/app/build/reports/tests/testDebugUnitTest
Finished generating test XML results (0.0 secs) into: /app/applet/app/build/test-results/testDebugUnitTest
Stored cache entry for task ':app:testDebugUnitTest' with cache key ca50af4224ca07f0b2f98c41a8521383
Resolve mutations for :app:finalizeTestRoborazziDebug (Thread[#1243,Execution worker Thread 3,5,main]) started.
:app:finalizeTestRoborazziDebug (Thread[#1243,Execution worker Thread 3,5,main]) started.

> Task :app:finalizeTestRoborazziDebug SKIPPED
Roborazzi: roborazziTestFinalizer.onlyIf doesRoborazziRun false
Skipping task ':app:finalizeTestRoborazziDebug' as task onlyIf 'Task satisfies onlyIf spec' is false.
Build e6f6c28a-2c6a-4b79-82d4-3c09a186ed6c is closed

BUILD SUCCESSFUL in 45s
32 actionable tasks: 11 executed, 6 from cache, 15 up-to-date
Configuration cache entry reused.
